SQL> select hire_date, count(*) staff, sum(salary) from employees group by hire_date;

HIRE_DATE      STAFF SUM(SALARY)                                                                                                                                                                        
--------- ---------- -----------                                                                                                                                                                        
07-DEC-02          1       11000                                                                                                                                                                        
10-AUG-07          1        2500                                                                                                                                                                        
08-MAR-08          1        2200                                                                                                                                                                        
17-OCT-03          1        3500                                                                                                                                                                        
15-OCT-07          1       11000                                                                                                                                                                        
29-JAN-08          1       10500                                                                                                                                                                        
30-JAN-05          1       10000                                                                                                                                                                        
23-NOV-07          1        7000                                                                                                                                                                        
04-MAR-04          1        9500                                                                                                                                                                        
21-APR-08          2       12300                                                                                                                                                                        
03-FEB-08          1        2800                                                                                                                                                                        
14-JUN-05          1        3800                                                                                                                                                                        
03-MAR-05          1        3900                                                                                                                                                                        
03-JAN-06          1        9000                                                                                                                                                                        
07-DEC-07          1        6900                                                                                                                                                                        
18-JUL-04          1        8000                                                                                                                                                                        
16-NOV-07          1        5800                                                                                                                                                                        
28-SEP-06          1        2700                                                                                                                                                                        
26-AUG-06          1        2900                                                                                                                                                                        
29-JAN-05          1        3100                                                                                                                                                                        
30-MAR-06          1        8000                                                                                                                                                                        
15-DEC-05          1        7500                                                                                                                                                                        
19-MAR-07          1        9500                                                                                                                                                                        
24-MAY-07          1        7000                                                                                                                                                                        
04-JAN-08          1        6200                                                                                                                                                                        
27-JAN-04          1        4200                                                                                                                                                                        
04-FEB-04          1        4000                                                                                                                                                                        
23-MAY-06          1        3000                                                                                                                                                                        
16-AUG-02          1        9000                                                                                                                                                                        
07-MAR-06          1        7800                                                                                                                                                                        
10-OCT-05          1        6500                                                                                                                                                                        
06-APR-06          1        2500                                                                                                                                                                        
09-JUL-06          1        2500                                                                                                                                                                        
01-OCT-04          1       14000                                                                                                                                                                        
10-MAR-05          2       20000                                                                                                                                                                        
01-AUG-04          1        9000                                                                                                                                                                        
24-JUN-06          1        3400                                                                                                                                                                        
17-SEP-03          1        4400                                                                                                                                                                        
17-AUG-05          1        6000                                                                                                                                                                        
05-FEB-06          1        4800                                                                                                                                                                        
20-AUG-05          2       12300                                                                                                                                                                        
15-MAR-06          1        2600                                                                                                                                                                        
24-MAR-05          1        9500                                                                                                                                                                        
30-JAN-04          1       10000                                                                                                                                                                        
23-MAR-06          1       10000                                                                                                                                                                        
24-JAN-06          2       12800                                                                                                                                                                        
28-SEP-05          1        8200                                                                                                                                                                        
18-MAY-03          1        3100                                                                                                                                                                        
15-NOV-06          1        2600                                                                                                                                                                        
14-JAN-07          1        2400                                                                                                                                                                        
24-MAR-07          1        7300                                                                                                                                                                        
23-FEB-06          1        3100                                                                                                                                                                        
19-DEC-07          1        2500                                                                                                                                                                        
17-JUN-03          1       24000                                                                                                                                                                        
30-SEP-05          1        7700                                                                                                                                                                        
16-JUL-05          1        3200                                                                                                                                                                        
30-OCT-05          1        2800                                                                                                                                                                        
14-JUL-03          1        3600                                                                                                                                                                        
12-FEB-06          1        2700                                                                                                                                                                        
09-DEC-06          1        7500                                                                                                                                                                        
24-JAN-08          1        7200                                                                                                                                                                        
23-FEB-08          1        6800                                                                                                                                                                        
24-MAR-08          1        6400                                                                                                                                                                        
11-MAR-05          1       11500                                                                                                                                                                        
23-FEB-07          1        7400                                                                                                                                                                        
13-AUG-05          1        3600                                                                                                                                                                        
01-JUL-06          1        3200                                                                                                                                                                        
17-MAR-07          1        2800                                                                                                                                                                        
07-JUN-02          4       36808                                                                                                                                                                        
21-SEP-05          1       17000                                                                                                                                                                        
10-APR-05          1        8200                                                                                                                                                                        
16-FEB-05          1        2500                                                                                                                                                                        
14-JUN-04          1        3300                                                                                                                                                                        
06-FEB-08          1        2200                                                                                                                                                                        
26-OCT-05          1        3200                                                                                                                                                                        
05-JAN-05          1       13500                                                                                                                                                                        
11-MAY-04          1       11000                                                                                                                                                                        
21-JUN-07          2        5100                                                                                                                                                                        
20-FEB-05          1        4100                                                                                                                                                                        
24-APR-06          1        3100                                                                                                                                                                        
13-JAN-01          1       17000                                                                                                                                                                        
21-MAY-07          1        6000                                                                                                                                                                        
25-JUN-05          1        4800                                                                                                                                                                        
07-FEB-07          2        7200                                                                                                                                                                        
17-AUG-02          1       12008                                                                                                                                                                        
24-DEC-05          1        2900                                                                                                                                                                        
24-JUL-05          1        2800                                                                                                                                                                        
01-MAY-03          1        7900                                                                                                                                                                        
10-APR-07          1        2100                                                                                                                                                                        
12-DEC-07          1        2400                                                                                                                                                                        
03-NOV-06          1        7000                                                                                                                                                                        
11-NOV-05          1       10500                                                                                                                                                                        
19-MAR-05          1        8800                                                                                                                                                                        
24-MAR-06          1        8600                                                                                                                                                                        
23-APR-06          1        8400                                                                                                                                                                        
11-JUL-06          1        2900                                                                                                                                                                        
13-JAN-08          1        2600                                                                                                                                                                        
17-FEB-04          1       13000                                                                                                                                                                        

98 rows selected.

SQL> select distinct(hire_date) from employees;

HIRE_DATE                                                                                                                                                                                               
---------                                                                                                                                                                                               
07-DEC-02                                                                                                                                                                                               
10-AUG-07                                                                                                                                                                                               
08-MAR-08                                                                                                                                                                                               
17-OCT-03                                                                                                                                                                                               
15-OCT-07                                                                                                                                                                                               
29-JAN-08                                                                                                                                                                                               
30-JAN-05                                                                                                                                                                                               
23-NOV-07                                                                                                                                                                                               
04-MAR-04                                                                                                                                                                                               
21-APR-08                                                                                                                                                                                               
03-FEB-08                                                                                                                                                                                               
14-JUN-05                                                                                                                                                                                               
03-MAR-05                                                                                                                                                                                               
03-JAN-06                                                                                                                                                                                               
07-DEC-07                                                                                                                                                                                               
18-JUL-04                                                                                                                                                                                               
16-NOV-07                                                                                                                                                                                               
28-SEP-06                                                                                                                                                                                               
26-AUG-06                                                                                                                                                                                               
29-JAN-05                                                                                                                                                                                               
30-MAR-06                                                                                                                                                                                               
15-DEC-05                                                                                                                                                                                               
19-MAR-07                                                                                                                                                                                               
24-MAY-07                                                                                                                                                                                               
04-JAN-08                                                                                                                                                                                               
27-JAN-04                                                                                                                                                                                               
04-FEB-04                                                                                                                                                                                               
23-MAY-06                                                                                                                                                                                               
16-AUG-02                                                                                                                                                                                               
07-MAR-06                                                                                                                                                                                               
10-OCT-05                                                                                                                                                                                               
06-APR-06                                                                                                                                                                                               
09-JUL-06                                                                                                                                                                                               
01-OCT-04                                                                                                                                                                                               
10-MAR-05                                                                                                                                                                                               
01-AUG-04                                                                                                                                                                                               
24-JUN-06                                                                                                                                                                                               
17-SEP-03                                                                                                                                                                                               
17-AUG-05                                                                                                                                                                                               
05-FEB-06                                                                                                                                                                                               
20-AUG-05                                                                                                                                                                                               
15-MAR-06                                                                                                                                                                                               
24-MAR-05                                                                                                                                                                                               
30-JAN-04                                                                                                                                                                                               
23-MAR-06                                                                                                                                                                                               
24-JAN-06                                                                                                                                                                                               
28-SEP-05                                                                                                                                                                                               
18-MAY-03                                                                                                                                                                                               
15-NOV-06                                                                                                                                                                                               
14-JAN-07                                                                                                                                                                                               
24-MAR-07                                                                                                                                                                                               
23-FEB-06                                                                                                                                                                                               
19-DEC-07                                                                                                                                                                                               
17-JUN-03                                                                                                                                                                                               
30-SEP-05                                                                                                                                                                                               
16-JUL-05                                                                                                                                                                                               
30-OCT-05                                                                                                                                                                                               
14-JUL-03                                                                                                                                                                                               
12-FEB-06                                                                                                                                                                                               
09-DEC-06                                                                                                                                                                                               
24-JAN-08                                                                                                                                                                                               
23-FEB-08                                                                                                                                                                                               
24-MAR-08                                                                                                                                                                                               
11-MAR-05                                                                                                                                                                                               
23-FEB-07                                                                                                                                                                                               
13-AUG-05                                                                                                                                                                                               
01-JUL-06                                                                                                                                                                                               
17-MAR-07                                                                                                                                                                                               
07-JUN-02                                                                                                                                                                                               
21-SEP-05                                                                                                                                                                                               
10-APR-05                                                                                                                                                                                               
16-FEB-05                                                                                                                                                                                               
14-JUN-04                                                                                                                                                                                               
06-FEB-08                                                                                                                                                                                               
26-OCT-05                                                                                                                                                                                               
05-JAN-05                                                                                                                                                                                               
11-MAY-04                                                                                                                                                                                               
21-JUN-07                                                                                                                                                                                               
20-FEB-05                                                                                                                                                                                               
24-APR-06                                                                                                                                                                                               
13-JAN-01                                                                                                                                                                                               
21-MAY-07                                                                                                                                                                                               
25-JUN-05                                                                                                                                                                                               
07-FEB-07                                                                                                                                                                                               
17-AUG-02                                                                                                                                                                                               
24-DEC-05                                                                                                                                                                                               
24-JUL-05                                                                                                                                                                                               
01-MAY-03                                                                                                                                                                                               
10-APR-07                                                                                                                                                                                               
12-DEC-07                                                                                                                                                                                               
03-NOV-06                                                                                                                                                                                               
11-NOV-05                                                                                                                                                                                               
19-MAR-05                                                                                                                                                                                               
24-MAR-06                                                                                                                                                                                               
23-APR-06                                                                                                                                                                                               
11-JUL-06                                                                                                                                                                                               
13-JAN-08                                                                                                                                                                                               
17-FEB-04                                                                                                                                                                                               

98 rows selected.

SQL> select distinct(hire_date),hire_dat,count(*),sum(salary) from employees group by hire_date;
select distinct(hire_date),hire_dat,count(*),sum(salary) from employees group by hire_date
                           *
ERROR at line 1:
ORA-00904: "HIRE_DAT": invalid identifier 


SQL> select distinct(hire_date),hire_date,count(*),sum(salary) from employees group by hire_date;

HIRE_DATE HIRE_DATE   COUNT(*) SUM(SALARY)                                                                                                                                                              
--------- --------- ---------- -----------                                                                                                                                                              
07-DEC-02 07-DEC-02          1       11000                                                                                                                                                              
10-AUG-07 10-AUG-07          1        2500                                                                                                                                                              
08-MAR-08 08-MAR-08          1        2200                                                                                                                                                              
17-OCT-03 17-OCT-03          1        3500                                                                                                                                                              
15-OCT-07 15-OCT-07          1       11000                                                                                                                                                              
29-JAN-08 29-JAN-08          1       10500                                                                                                                                                              
30-JAN-05 30-JAN-05          1       10000                                                                                                                                                              
23-NOV-07 23-NOV-07          1        7000                                                                                                                                                              
04-MAR-04 04-MAR-04          1        9500                                                                                                                                                              
21-APR-08 21-APR-08          2       12300                                                                                                                                                              
03-FEB-08 03-FEB-08          1        2800                                                                                                                                                              
14-JUN-05 14-JUN-05          1        3800                                                                                                                                                              
03-MAR-05 03-MAR-05          1        3900                                                                                                                                                              
03-JAN-06 03-JAN-06          1        9000                                                                                                                                                              
07-DEC-07 07-DEC-07          1        6900                                                                                                                                                              
18-JUL-04 18-JUL-04          1        8000                                                                                                                                                              
16-NOV-07 16-NOV-07          1        5800                                                                                                                                                              
28-SEP-06 28-SEP-06          1        2700                                                                                                                                                              
26-AUG-06 26-AUG-06          1        2900                                                                                                                                                              
29-JAN-05 29-JAN-05          1        3100                                                                                                                                                              
30-MAR-06 30-MAR-06          1        8000                                                                                                                                                              
15-DEC-05 15-DEC-05          1        7500                                                                                                                                                              
19-MAR-07 19-MAR-07          1        9500                                                                                                                                                              
24-MAY-07 24-MAY-07          1        7000                                                                                                                                                              
04-JAN-08 04-JAN-08          1        6200                                                                                                                                                              
27-JAN-04 27-JAN-04          1        4200                                                                                                                                                              
04-FEB-04 04-FEB-04          1        4000                                                                                                                                                              
23-MAY-06 23-MAY-06          1        3000                                                                                                                                                              
16-AUG-02 16-AUG-02          1        9000                                                                                                                                                              
07-MAR-06 07-MAR-06          1        7800                                                                                                                                                              
10-OCT-05 10-OCT-05          1        6500                                                                                                                                                              
06-APR-06 06-APR-06          1        2500                                                                                                                                                              
09-JUL-06 09-JUL-06          1        2500                                                                                                                                                              
01-OCT-04 01-OCT-04          1       14000                                                                                                                                                              
10-MAR-05 10-MAR-05          2       20000                                                                                                                                                              
01-AUG-04 01-AUG-04          1        9000                                                                                                                                                              
24-JUN-06 24-JUN-06          1        3400                                                                                                                                                              
17-SEP-03 17-SEP-03          1        4400                                                                                                                                                              
17-AUG-05 17-AUG-05          1        6000                                                                                                                                                              
05-FEB-06 05-FEB-06          1        4800                                                                                                                                                              
20-AUG-05 20-AUG-05          2       12300                                                                                                                                                              
15-MAR-06 15-MAR-06          1        2600                                                                                                                                                              
24-MAR-05 24-MAR-05          1        9500                                                                                                                                                              
30-JAN-04 30-JAN-04          1       10000                                                                                                                                                              
23-MAR-06 23-MAR-06          1       10000                                                                                                                                                              
24-JAN-06 24-JAN-06          2       12800                                                                                                                                                              
28-SEP-05 28-SEP-05          1        8200                                                                                                                                                              
18-MAY-03 18-MAY-03          1        3100                                                                                                                                                              
15-NOV-06 15-NOV-06          1        2600                                                                                                                                                              
14-JAN-07 14-JAN-07          1        2400                                                                                                                                                              
24-MAR-07 24-MAR-07          1        7300                                                                                                                                                              
23-FEB-06 23-FEB-06          1        3100                                                                                                                                                              
19-DEC-07 19-DEC-07          1        2500                                                                                                                                                              
17-JUN-03 17-JUN-03          1       24000                                                                                                                                                              
30-SEP-05 30-SEP-05          1        7700                                                                                                                                                              
16-JUL-05 16-JUL-05          1        3200                                                                                                                                                              
30-OCT-05 30-OCT-05          1        2800                                                                                                                                                              
14-JUL-03 14-JUL-03          1        3600                                                                                                                                                              
12-FEB-06 12-FEB-06          1        2700                                                                                                                                                              
09-DEC-06 09-DEC-06          1        7500                                                                                                                                                              
24-JAN-08 24-JAN-08          1        7200                                                                                                                                                              
23-FEB-08 23-FEB-08          1        6800                                                                                                                                                              
24-MAR-08 24-MAR-08          1        6400                                                                                                                                                              
11-MAR-05 11-MAR-05          1       11500                                                                                                                                                              
23-FEB-07 23-FEB-07          1        7400                                                                                                                                                              
13-AUG-05 13-AUG-05          1        3600                                                                                                                                                              
01-JUL-06 01-JUL-06          1        3200                                                                                                                                                              
17-MAR-07 17-MAR-07          1        2800                                                                                                                                                              
07-JUN-02 07-JUN-02          4       36808                                                                                                                                                              
21-SEP-05 21-SEP-05          1       17000                                                                                                                                                              
10-APR-05 10-APR-05          1        8200                                                                                                                                                              
16-FEB-05 16-FEB-05          1        2500                                                                                                                                                              
14-JUN-04 14-JUN-04          1        3300                                                                                                                                                              
06-FEB-08 06-FEB-08          1        2200                                                                                                                                                              
26-OCT-05 26-OCT-05          1        3200                                                                                                                                                              
05-JAN-05 05-JAN-05          1       13500                                                                                                                                                              
11-MAY-04 11-MAY-04          1       11000                                                                                                                                                              
21-JUN-07 21-JUN-07          2        5100                                                                                                                                                              
20-FEB-05 20-FEB-05          1        4100                                                                                                                                                              
24-APR-06 24-APR-06          1        3100                                                                                                                                                              
13-JAN-01 13-JAN-01          1       17000                                                                                                                                                              
21-MAY-07 21-MAY-07          1        6000                                                                                                                                                              
25-JUN-05 25-JUN-05          1        4800                                                                                                                                                              
07-FEB-07 07-FEB-07          2        7200                                                                                                                                                              
17-AUG-02 17-AUG-02          1       12008                                                                                                                                                              
24-DEC-05 24-DEC-05          1        2900                                                                                                                                                              
24-JUL-05 24-JUL-05          1        2800                                                                                                                                                              
01-MAY-03 01-MAY-03          1        7900                                                                                                                                                              
10-APR-07 10-APR-07          1        2100                                                                                                                                                              
12-DEC-07 12-DEC-07          1        2400                                                                                                                                                              
03-NOV-06 03-NOV-06          1        7000                                                                                                                                                              
11-NOV-05 11-NOV-05          1       10500                                                                                                                                                              
19-MAR-05 19-MAR-05          1        8800                                                                                                                                                              
24-MAR-06 24-MAR-06          1        8600                                                                                                                                                              
23-APR-06 23-APR-06          1        8400                                                                                                                                                              
11-JUL-06 11-JUL-06          1        2900                                                                                                                                                              
13-JAN-08 13-JAN-08          1        2600                                                                                                                                                              
17-FEB-04 17-FEB-04          1       13000                                                                                                                                                              

98 rows selected.

SQL> select hire_date to_char(hire_date), count(*) staff, sum(salary) from employees group by hire_date;
select hire_date to_char(hire_date), count(*) staff, sum(salary) from employees group by hire_date
                        *
ERROR at line 1:
ORA-00923: FROM keyword not found where expected 


SQL> select to_char(hire_date), count(*) staff, sum(salary) from employees group by hire_date;

TO_CHAR(HIRE_DATE)      STAFF SUM(SALARY)                                                                                                                                                               
------------------ ---------- -----------                                                                                                                                                               
07-DEC-02                   1       11000                                                                                                                                                               
10-AUG-07                   1        2500                                                                                                                                                               
08-MAR-08                   1        2200                                                                                                                                                               
17-OCT-03                   1        3500                                                                                                                                                               
15-OCT-07                   1       11000                                                                                                                                                               
29-JAN-08                   1       10500                                                                                                                                                               
30-JAN-05                   1       10000                                                                                                                                                               
23-NOV-07                   1        7000                                                                                                                                                               
04-MAR-04                   1        9500                                                                                                                                                               
21-APR-08                   2       12300                                                                                                                                                               
03-FEB-08                   1        2800                                                                                                                                                               
14-JUN-05                   1        3800                                                                                                                                                               
03-MAR-05                   1        3900                                                                                                                                                               
03-JAN-06                   1        9000                                                                                                                                                               
07-DEC-07                   1        6900                                                                                                                                                               
18-JUL-04                   1        8000                                                                                                                                                               
16-NOV-07                   1        5800                                                                                                                                                               
28-SEP-06                   1        2700                                                                                                                                                               
26-AUG-06                   1        2900                                                                                                                                                               
29-JAN-05                   1        3100                                                                                                                                                               
30-MAR-06                   1        8000                                                                                                                                                               
15-DEC-05                   1        7500                                                                                                                                                               
19-MAR-07                   1        9500                                                                                                                                                               
24-MAY-07                   1        7000                                                                                                                                                               
04-JAN-08                   1        6200                                                                                                                                                               
27-JAN-04                   1        4200                                                                                                                                                               
04-FEB-04                   1        4000                                                                                                                                                               
23-MAY-06                   1        3000                                                                                                                                                               
16-AUG-02                   1        9000                                                                                                                                                               
07-MAR-06                   1        7800                                                                                                                                                               
10-OCT-05                   1        6500                                                                                                                                                               
06-APR-06                   1        2500                                                                                                                                                               
09-JUL-06                   1        2500                                                                                                                                                               
01-OCT-04                   1       14000                                                                                                                                                               
10-MAR-05                   2       20000                                                                                                                                                               
01-AUG-04                   1        9000                                                                                                                                                               
24-JUN-06                   1        3400                                                                                                                                                               
17-SEP-03                   1        4400                                                                                                                                                               
17-AUG-05                   1        6000                                                                                                                                                               
05-FEB-06                   1        4800                                                                                                                                                               
20-AUG-05                   2       12300                                                                                                                                                               
15-MAR-06                   1        2600                                                                                                                                                               
24-MAR-05                   1        9500                                                                                                                                                               
30-JAN-04                   1       10000                                                                                                                                                               
23-MAR-06                   1       10000                                                                                                                                                               
24-JAN-06                   2       12800                                                                                                                                                               
28-SEP-05                   1        8200                                                                                                                                                               
18-MAY-03                   1        3100                                                                                                                                                               
15-NOV-06                   1        2600                                                                                                                                                               
14-JAN-07                   1        2400                                                                                                                                                               
24-MAR-07                   1        7300                                                                                                                                                               
23-FEB-06                   1        3100                                                                                                                                                               
19-DEC-07                   1        2500                                                                                                                                                               
17-JUN-03                   1       24000                                                                                                                                                               
30-SEP-05                   1        7700                                                                                                                                                               
16-JUL-05                   1        3200                                                                                                                                                               
30-OCT-05                   1        2800                                                                                                                                                               
14-JUL-03                   1        3600                                                                                                                                                               
12-FEB-06                   1        2700                                                                                                                                                               
09-DEC-06                   1        7500                                                                                                                                                               
24-JAN-08                   1        7200                                                                                                                                                               
23-FEB-08                   1        6800                                                                                                                                                               
24-MAR-08                   1        6400                                                                                                                                                               
11-MAR-05                   1       11500                                                                                                                                                               
23-FEB-07                   1        7400                                                                                                                                                               
13-AUG-05                   1        3600                                                                                                                                                               
01-JUL-06                   1        3200                                                                                                                                                               
17-MAR-07                   1        2800                                                                                                                                                               
07-JUN-02                   4       36808                                                                                                                                                               
21-SEP-05                   1       17000                                                                                                                                                               
10-APR-05                   1        8200                                                                                                                                                               
16-FEB-05                   1        2500                                                                                                                                                               
14-JUN-04                   1        3300                                                                                                                                                               
06-FEB-08                   1        2200                                                                                                                                                               
26-OCT-05                   1        3200                                                                                                                                                               
05-JAN-05                   1       13500                                                                                                                                                               
11-MAY-04                   1       11000                                                                                                                                                               
21-JUN-07                   2        5100                                                                                                                                                               
20-FEB-05                   1        4100                                                                                                                                                               
24-APR-06                   1        3100                                                                                                                                                               
13-JAN-01                   1       17000                                                                                                                                                               
21-MAY-07                   1        6000                                                                                                                                                               
25-JUN-05                   1        4800                                                                                                                                                               
07-FEB-07                   2        7200                                                                                                                                                               
17-AUG-02                   1       12008                                                                                                                                                               
24-DEC-05                   1        2900                                                                                                                                                               
24-JUL-05                   1        2800                                                                                                                                                               
01-MAY-03                   1        7900                                                                                                                                                               
10-APR-07                   1        2100                                                                                                                                                               
12-DEC-07                   1        2400                                                                                                                                                               
03-NOV-06                   1        7000                                                                                                                                                               
11-NOV-05                   1       10500                                                                                                                                                               
19-MAR-05                   1        8800                                                                                                                                                               
24-MAR-06                   1        8600                                                                                                                                                               
23-APR-06                   1        8400                                                                                                                                                               
11-JUL-06                   1        2900                                                                                                                                                               
13-JAN-08                   1        2600                                                                                                                                                               
17-FEB-04                   1       13000                                                                                                                                                               

98 rows selected.

SQL> select to_char(hire_date), count(*) staff, sum(salary) from employees;
select to_char(hire_date), count(*) staff, sum(salary) from employees
               *
ERROR at line 1:
ORA-00937: not a single-group group function 


SQL> select hire_date to_char('dd-mm-yyyy hh-mi-ss') count(*) staff from employees group by hire_date;
select hire_date to_char('dd-mm-yyyy hh-mi-ss') count(*) staff from employees group by hire_date
                        *
ERROR at line 1:
ORA-00923: FROM keyword not found where expected 


SQL> select hire_date, to_char('dd-mm-yyyy hh-mi-ss') count(*) staff from employees group by hire_date;
select hire_date, to_char('dd-mm-yyyy hh-mi-ss') count(*) staff from employees group by hire_date
                                                      *
ERROR at line 1:
ORA-00923: FROM keyword not found where expected 


SQL> select to_char(hire_date,'dd-mm-yyyy hh-mi-ss') count(*) staff from employees group by hire_date;
select to_char(hire_date,'dd-mm-yyyy hh-mi-ss') count(*) staff from employees group by hire_date
                                                     *
ERROR at line 1:
ORA-00923: FROM keyword not found where expected 


SQL> select * from tab;

TNAME                          TABTYPE  CLUSTERID                                                                                                                                                       
------------------------------ ------- ----------                                                                                                                                                       
COUNTRIES                      TABLE                                                                                                                                                                    
CUSTOMER                       TABLE                                                                                                                                                                    
DEPARTMENTS                    TABLE                                                                                                                                                                    
DEPT                           TABLE                                                                                                                                                                    
EMP                            TABLE                                                                                                                                                                    
EMPLOYEE                       TABLE                                                                                                                                                                    
EMPLOYEES                      TABLE                                                                                                                                                                    
EMP_DETAILS_VIEW               VIEW                                                                                                                                                                     
JOBS                           TABLE                                                                                                                                                                    
JOB_HISTORY                    TABLE                                                                                                                                                                    
LOCATIONS                      TABLE                                                                                                                                                                    
MYCOPY                         TABLE                                                                                                                                                                    
ORDER_DETAIL                   TABLE                                                                                                                                                                    
PRODUCT                        TABLE                                                                                                                                                                    
PRODUCTS                       TABLE                                                                                                                                                                    
REGIONS                        TABLE                                                                                                                                                                    
STUD                           TABLE                                                                                                                                                                    
STUDENT                        TABLE                                                                                                                                                                    

18 rows selected.

SQL> select * from employee;

    EMP_ID ENAME                DOB       MANAGER_ID                                                                                                                                                    
---------- -------------------- --------- ----------                                                                                                                                                    
         1 krish                16-NOV-03          1                                                                                                                                                    
         2 parth                15-JUN-05          1                                                                                                                                                    
         3 sarthak              07-AUG-04          2                                                                                                                                                    
         4 kartik               19-JAN-00          3                                                                                                                                                    
         5 tanesh               14-SEP-04          4                                                                                                                                                    

SQL> drop table employee purge;
drop table employee purge
           *
ERROR at line 1:
ORA-02449: unique/primary keys in table referenced by foreign keys 


SQL> drop table employee purge;
drop table employee purge
           *
ERROR at line 1:
ORA-02449: unique/primary keys in table referenced by foreign keys 


SQL> select * from emp;

EMPLOYEE_ID FIRST_NAME           LAST_NAME                 EMAIL                     PHONE_NUMBER         HIRE_DATE JOB_ID         SALARY COMMISSION_PCT MANAGER_ID DEPARTMENT_ID                       
----------- -------------------- ------------------------- ------------------------- -------------------- --------- ---------- ---------- -------------- ---------- -------------                       
        103 Alexander            Hunold                    AHUNOLD                   590.423.4567         03-JAN-06 IT_PROG          9000                       102            60                       
        104 Bruce                Ernst                     BERNST                    590.423.4568         21-MAY-07 IT_PROG          6000                       103            60                       
        105 David                Austin                    DAUSTIN                   590.423.4569         25-JUN-05 IT_PROG          4800                       103            60                       
        106 Valli                Pataballa                 VPATABAL                  590.423.4560         05-FEB-06 IT_PROG          4800                       103            60                       
        107 Diana                Lorentz                   DLORENTZ                  590.423.5567         07-FEB-07 IT_PROG          4200                       103            60                       
        100 Steven               King                      SKING                     515.123.4567         17-JUN-03 AD_PRES         24000                                      90                       
        101 Neena                Kochhar                   NKOCHHAR                  515.123.4568         21-SEP-05 AD_VP           17000                       100            90                       
        102 Lex                  De Haan                   LDEHAAN                   515.123.4569         13-JAN-01 AD_VP           17000                       100            90                       

8 rows selected.

SQL> drop table emp purge;

Table dropped.

SQL> create table emp as select * from employees;

Table created.

SQL> select * from emp;

EMPLOYEE_ID FIRST_NAME           LAST_NAME                 EMAIL                     PHONE_NUMBER         HIRE_DATE JOB_ID         SALARY COMMISSION_PCT MANAGER_ID DEPARTMENT_ID                       
----------- -------------------- ------------------------- ------------------------- -------------------- --------- ---------- ---------- -------------- ---------- -------------                       
        100 Steven               King                      SKING                     515.123.4567         17-JUN-03 AD_PRES         24000                                      90                       
        101 Neena                Kochhar                   NKOCHHAR                  515.123.4568         21-SEP-05 AD_VP           17000                       100            90                       
        102 Lex                  De Haan                   LDEHAAN                   515.123.4569         13-JAN-01 AD_VP           17000                       100            90                       
        103 Alexander            Hunold                    AHUNOLD                   590.423.4567         03-JAN-06 IT_PROG          9000                       102            60                       
        104 Bruce                Ernst                     BERNST                    590.423.4568         21-MAY-07 IT_PROG          6000                       103            60                       
        105 David                Austin                    DAUSTIN                   590.423.4569         25-JUN-05 IT_PROG          4800                       103            60                       
        106 Valli                Pataballa                 VPATABAL                  590.423.4560         05-FEB-06 IT_PROG          4800                       103            60                       
        107 Diana                Lorentz                   DLORENTZ                  590.423.5567         07-FEB-07 IT_PROG          4200                       103            60                       
        108 Nancy                Greenberg                 NGREENBE                  515.124.4569         17-AUG-02 FI_MGR          12008                       101           100                       
        109 Daniel               Faviet                    DFAVIET                   515.124.4169         16-AUG-02 FI_ACCOUNT       9000                       108           100                       
        110 John                 Chen                      JCHEN                     515.124.4269         28-SEP-05 FI_ACCOUNT       8200                       108           100                       
        111 Ismael               Sciarra                   ISCIARRA                  515.124.4369         30-SEP-05 FI_ACCOUNT       7700                       108           100                       
        112 Jose Manuel          Urman                     JMURMAN                   515.124.4469         07-MAR-06 FI_ACCOUNT       7800                       108           100                       
        113 Luis                 Popp                      LPOPP                     515.124.4567         07-DEC-07 FI_ACCOUNT       6900                       108           100                       
        114 Den                  Raphaely                  DRAPHEAL                  515.127.4561         07-DEC-02 PU_MAN          11000                       100            30                       
        115 Alexander            Khoo                      AKHOO                     515.127.4562         18-MAY-03 PU_CLERK         3100                       114            30                       
        116 Shelli               Baida                     SBAIDA                    515.127.4563         24-DEC-05 PU_CLERK         2900                       114            30                       
        117 Sigal                Tobias                    STOBIAS                   515.127.4564         24-JUL-05 PU_CLERK         2800                       114            30                       
        118 Guy                  Himuro                    GHIMURO                   515.127.4565         15-NOV-06 PU_CLERK         2600                       114            30                       
        119 Karen                Colmenares                KCOLMENA                  515.127.4566         10-AUG-07 PU_CLERK         2500                       114            30                       
        120 Matthew              Weiss                     MWEISS                    650.123.1234         18-JUL-04 ST_MAN           8000                       100            50                       
        121 Adam                 Fripp                     AFRIPP                    650.123.2234         10-APR-05 ST_MAN           8200                       100            50                       
        122 Payam                Kaufling                  PKAUFLIN                  650.123.3234         01-MAY-03 ST_MAN           7900                       100            50                       
        123 Shanta               Vollman                   SVOLLMAN                  650.123.4234         10-OCT-05 ST_MAN           6500                       100            50                       
        124 Kevin                Mourgos                   KMOURGOS                  650.123.5234         16-NOV-07 ST_MAN           5800                       100            50                       
        125 Julia                Nayer                     JNAYER                    650.124.1214         16-JUL-05 ST_CLERK         3200                       120            50                       
        126 Irene                Mikkilineni               IMIKKILI                  650.124.1224         28-SEP-06 ST_CLERK         2700                       120            50                       
        127 James                Landry                    JLANDRY                   650.124.1334         14-JAN-07 ST_CLERK         2400                       120            50                       
        128 Steven               Markle                    SMARKLE                   650.124.1434         08-MAR-08 ST_CLERK         2200                       120            50                       
        129 Laura                Bissot                    LBISSOT                   650.124.5234         20-AUG-05 ST_CLERK         3300                       121            50                       
        130 Mozhe                Atkinson                  MATKINSO                  650.124.6234         30-OCT-05 ST_CLERK         2800                       121            50                       
        131 James                Marlow                    JAMRLOW                   650.124.7234         16-FEB-05 ST_CLERK         2500                       121            50                       
        132 TJ                   Olson                     TJOLSON                   650.124.8234         10-APR-07 ST_CLERK         2100                       121            50                       
        133 Jason                Mallin                    JMALLIN                   650.127.1934         14-JUN-04 ST_CLERK         3300                       122            50                       
        134 Michael              Rogers                    MROGERS                   650.127.1834         26-AUG-06 ST_CLERK         2900                       122            50                       
        135 Ki                   Gee                       KGEE                      650.127.1734         12-DEC-07 ST_CLERK         2400                       122            50                       
        136 Hazel                Philtanker                HPHILTAN                  650.127.1634         06-FEB-08 ST_CLERK         2200                       122            50                       
        137 Renske               Ladwig                    RLADWIG                   650.121.1234         14-JUL-03 ST_CLERK         3600                       123            50                       
        138 Stephen              Stiles                    SSTILES                   650.121.2034         26-OCT-05 ST_CLERK         3200                       123            50                       
        139 John                 Seo                       JSEO                      650.121.2019         12-FEB-06 ST_CLERK         2700                       123            50                       
        140 Joshua               Patel                     JPATEL                    650.121.1834         06-APR-06 ST_CLERK         2500                       123            50                       
        141 Trenna               Rajs                      TRAJS                     650.121.8009         17-OCT-03 ST_CLERK         3500                       124            50                       
        142 Curtis               Davies                    CDAVIES                   650.121.2994         29-JAN-05 ST_CLERK         3100                       124            50                       
        143 Randall              Matos                     RMATOS                    650.121.2874         15-MAR-06 ST_CLERK         2600                       124            50                       
        144 Peter                Vargas                    PVARGAS                   650.121.2004         09-JUL-06 ST_CLERK         2500                       124            50                       
        145 John                 Russell                   JRUSSEL                   011.44.1344.429268   01-OCT-04 SA_MAN          14000             .4        100            80                       
        146 Karen                Partners                  KPARTNER                  011.44.1344.467268   05-JAN-05 SA_MAN          13500             .3        100            80                       
        147 Alberto              Errazuriz                 AERRAZUR                  011.44.1344.429278   10-MAR-05 SA_MAN          12000             .3        100            80                       
        148 Gerald               Cambrault                 GCAMBRAU                  011.44.1344.619268   15-OCT-07 SA_MAN          11000             .3        100            80                       
        149 Eleni                Zlotkey                   EZLOTKEY                  011.44.1344.429018   29-JAN-08 SA_MAN          10500             .2        100            80                       
        150 Peter                Tucker                    PTUCKER                   011.44.1344.129268   30-JAN-05 SA_REP          10000             .3        145            80                       
        151 David                Bernstein                 DBERNSTE                  011.44.1344.345268   24-MAR-05 SA_REP           9500            .25        145            80                       
        152 Peter                Hall                      PHALL                     011.44.1344.478968   20-AUG-05 SA_REP           9000            .25        145            80                       
        153 Christopher          Olsen                     COLSEN                    011.44.1344.498718   30-MAR-06 SA_REP           8000             .2        145            80                       
        154 Nanette              Cambrault                 NCAMBRAU                  011.44.1344.987668   09-DEC-06 SA_REP           7500             .2        145            80                       
        155 Oliver               Tuvault                   OTUVAULT                  011.44.1344.486508   23-NOV-07 SA_REP           7000            .15        145            80                       
        156 Janette              King                      JKING                     011.44.1345.429268   30-JAN-04 SA_REP          10000            .35        146            80                       
        157 Patrick              Sully                     PSULLY                    011.44.1345.929268   04-MAR-04 SA_REP           9500            .35        146            80                       
        158 Allan                McEwen                    AMCEWEN                   011.44.1345.829268   01-AUG-04 SA_REP           9000            .35        146            80                       
        159 Lindsey              Smith                     LSMITH                    011.44.1345.729268   10-MAR-05 SA_REP           8000             .3        146            80                       
        160 Louise               Doran                     LDORAN                    011.44.1345.629268   15-DEC-05 SA_REP           7500             .3        146            80                       
        161 Sarath               Sewall                    SSEWALL                   011.44.1345.529268   03-NOV-06 SA_REP           7000            .25        146            80                       
        162 Clara                Vishney                   CVISHNEY                  011.44.1346.129268   11-NOV-05 SA_REP          10500            .25        147            80                       
        163 Danielle             Greene                    DGREENE                   011.44.1346.229268   19-MAR-07 SA_REP           9500            .15        147            80                       
        164 Mattea               Marvins                   MMARVINS                  011.44.1346.329268   24-JAN-08 SA_REP           7200             .1        147            80                       
        165 David                Lee                       DLEE                      011.44.1346.529268   23-FEB-08 SA_REP           6800             .1        147            80                       
        166 Sundar               Ande                      SANDE                     011.44.1346.629268   24-MAR-08 SA_REP           6400             .1        147            80                       
        167 Amit                 Banda                     ABANDA                    011.44.1346.729268   21-APR-08 SA_REP           6200             .1        147            80                       
        168 Lisa                 Ozer                      LOZER                     011.44.1343.929268   11-MAR-05 SA_REP          11500            .25        148            80                       
        169 Harrison             Bloom                     HBLOOM                    011.44.1343.829268   23-MAR-06 SA_REP          10000             .2        148            80                       
        170 Tayler               Fox                       TFOX                      011.44.1343.729268   24-JAN-06 SA_REP           9600             .2        148            80                       
        171 William              Smith                     WSMITH                    011.44.1343.629268   23-FEB-07 SA_REP           7400            .15        148            80                       
        172 Elizabeth            Bates                     EBATES                    011.44.1343.529268   24-MAR-07 SA_REP           7300            .15        148            80                       
        173 Sundita              Kumar                     SKUMAR                    011.44.1343.329268   21-APR-08 SA_REP           6100             .1        148            80                       
        174 Ellen                Abel                      EABEL                     011.44.1644.429267   11-MAY-04 SA_REP          11000             .3        149            80                       
        175 Alyssa               Hutton                    AHUTTON                   011.44.1644.429266   19-MAR-05 SA_REP           8800            .25        149            80                       
        176 Jonathon             Taylor                    JTAYLOR                   011.44.1644.429265   24-MAR-06 SA_REP           8600             .2        149            80                       
        177 Jack                 Livingston                JLIVINGS                  011.44.1644.429264   23-APR-06 SA_REP           8400             .2        149            80                       
        178 Kimberely            Grant                     KGRANT                    011.44.1644.429263   24-MAY-07 SA_REP           7000            .15        149                                     
        179 Charles              Johnson                   CJOHNSON                  011.44.1644.429262   04-JAN-08 SA_REP           6200             .1        149            80                       
        180 Winston              Taylor                    WTAYLOR                   650.507.9876         24-JAN-06 SH_CLERK         3200                       120            50                       
        181 Jean                 Fleaur                    JFLEAUR                   650.507.9877         23-FEB-06 SH_CLERK         3100                       120            50                       
        182 Martha               Sullivan                  MSULLIVA                  650.507.9878         21-JUN-07 SH_CLERK         2500                       120            50                       
        183 Girard               Geoni                     GGEONI                    650.507.9879         03-FEB-08 SH_CLERK         2800                       120            50                       
        184 Nandita              Sarchand                  NSARCHAN                  650.509.1876         27-JAN-04 SH_CLERK         4200                       121            50                       
        185 Alexis               Bull                      ABULL                     650.509.2876         20-FEB-05 SH_CLERK         4100                       121            50                       
        186 Julia                Dellinger                 JDELLING                  650.509.3876         24-JUN-06 SH_CLERK         3400                       121            50                       
        187 Anthony              Cabrio                    ACABRIO                   650.509.4876         07-FEB-07 SH_CLERK         3000                       121            50                       
        188 Kelly                Chung                     KCHUNG                    650.505.1876         14-JUN-05 SH_CLERK         3800                       122            50                       
        189 Jennifer             Dilly                     JDILLY                    650.505.2876         13-AUG-05 SH_CLERK         3600                       122            50                       
        190 Timothy              Gates                     TGATES                    650.505.3876         11-JUL-06 SH_CLERK         2900                       122            50                       
        191 Randall              Perkins                   RPERKINS                  650.505.4876         19-DEC-07 SH_CLERK         2500                       122            50                       
        192 Sarah                Bell                      SBELL                     650.501.1876         04-FEB-04 SH_CLERK         4000                       123            50                       
        193 Britney              Everett                   BEVERETT                  650.501.2876         03-MAR-05 SH_CLERK         3900                       123            50                       
        194 Samuel               McCain                    SMCCAIN                   650.501.3876         01-JUL-06 SH_CLERK         3200                       123            50                       
        195 Vance                Jones                     VJONES                    650.501.4876         17-MAR-07 SH_CLERK         2800                       123            50                       
        196 Alana                Walsh                     AWALSH                    650.507.9811         24-APR-06 SH_CLERK         3100                       124            50                       
        197 Kevin                Feeney                    KFEENEY                   650.507.9822         23-MAY-06 SH_CLERK         3000                       124            50                       
        198 Donald               OConnell                  DOCONNEL                  650.507.9833         21-JUN-07 SH_CLERK         2600                       124            50                       
        199 Douglas              Grant                     DGRANT                    650.507.9844         13-JAN-08 SH_CLERK         2600                       124            50                       
        200 Jennifer             Whalen                    JWHALEN                   515.123.4444         17-SEP-03 AD_ASST          4400                       101            10                       
        201 Michael              Hartstein                 MHARTSTE                  515.123.5555         17-FEB-04 MK_MAN          13000                       100            20                       
        202 Pat                  Fay                       PFAY                      603.123.6666         17-AUG-05 MK_REP           6000                       201            20                       
        203 Susan                Mavris                    SMAVRIS                   515.123.7777         07-JUN-02 HR_REP           6500                       101            40                       
        204 Hermann              Baer                      HBAER                     515.123.8888         07-JUN-02 PR_REP          10000                       101            70                       
        205 Shelley              Higgins                   SHIGGINS                  515.123.8080         07-JUN-02 AC_MGR          12008                       101           110                       
        206 William              Gietz                     WGIETZ                    515.123.8181         07-JUN-02 AC_ACCOUNT       8300                       205           110                       

107 rows selected.

SQL> alter session set nls_date_format = 'dd-mm-yyyy hh-mi-ss';

Session altered.

SQL> select * from emp;

EMPLOYEE_ID FIRST_NAME           LAST_NAME                 EMAIL                     PHONE_NUMBER         HIRE_DATE           JOB_ID         SALARY COMMISSION_PCT MANAGER_ID DEPARTMENT_ID             
----------- -------------------- ------------------------- ------------------------- -------------------- ------------------- ---------- ---------- -------------- ---------- -------------             
        100 Steven               King                      SKING                     515.123.4567         17-06-2003 12-00-00 AD_PRES         24000                                      90             
        101 Neena                Kochhar                   NKOCHHAR                  515.123.4568         21-09-2005 12-00-00 AD_VP           17000                       100            90             
        102 Lex                  De Haan                   LDEHAAN                   515.123.4569         13-01-2001 12-00-00 AD_VP           17000                       100            90             
        103 Alexander            Hunold                    AHUNOLD                   590.423.4567         03-01-2006 12-00-00 IT_PROG          9000                       102            60             
        104 Bruce                Ernst                     BERNST                    590.423.4568         21-05-2007 12-00-00 IT_PROG          6000                       103            60             
        105 David                Austin                    DAUSTIN                   590.423.4569         25-06-2005 12-00-00 IT_PROG          4800                       103            60             
        106 Valli                Pataballa                 VPATABAL                  590.423.4560         05-02-2006 12-00-00 IT_PROG          4800                       103            60             
        107 Diana                Lorentz                   DLORENTZ                  590.423.5567         07-02-2007 12-00-00 IT_PROG          4200                       103            60             
        108 Nancy                Greenberg                 NGREENBE                  515.124.4569         17-08-2002 12-00-00 FI_MGR          12008                       101           100             
        109 Daniel               Faviet                    DFAVIET                   515.124.4169         16-08-2002 12-00-00 FI_ACCOUNT       9000                       108           100             
        110 John                 Chen                      JCHEN                     515.124.4269         28-09-2005 12-00-00 FI_ACCOUNT       8200                       108           100             
        111 Ismael               Sciarra                   ISCIARRA                  515.124.4369         30-09-2005 12-00-00 FI_ACCOUNT       7700                       108           100             
        112 Jose Manuel          Urman                     JMURMAN                   515.124.4469         07-03-2006 12-00-00 FI_ACCOUNT       7800                       108           100             
        113 Luis                 Popp                      LPOPP                     515.124.4567         07-12-2007 12-00-00 FI_ACCOUNT       6900                       108           100             
        114 Den                  Raphaely                  DRAPHEAL                  515.127.4561         07-12-2002 12-00-00 PU_MAN          11000                       100            30             
        115 Alexander            Khoo                      AKHOO                     515.127.4562         18-05-2003 12-00-00 PU_CLERK         3100                       114            30             
        116 Shelli               Baida                     SBAIDA                    515.127.4563         24-12-2005 12-00-00 PU_CLERK         2900                       114            30             
        117 Sigal                Tobias                    STOBIAS                   515.127.4564         24-07-2005 12-00-00 PU_CLERK         2800                       114            30             
        118 Guy                  Himuro                    GHIMURO                   515.127.4565         15-11-2006 12-00-00 PU_CLERK         2600                       114            30             
        119 Karen                Colmenares                KCOLMENA                  515.127.4566         10-08-2007 12-00-00 PU_CLERK         2500                       114            30             
        120 Matthew              Weiss                     MWEISS                    650.123.1234         18-07-2004 12-00-00 ST_MAN           8000                       100            50             
        121 Adam                 Fripp                     AFRIPP                    650.123.2234         10-04-2005 12-00-00 ST_MAN           8200                       100            50             
        122 Payam                Kaufling                  PKAUFLIN                  650.123.3234         01-05-2003 12-00-00 ST_MAN           7900                       100            50             
        123 Shanta               Vollman                   SVOLLMAN                  650.123.4234         10-10-2005 12-00-00 ST_MAN           6500                       100            50             
        124 Kevin                Mourgos                   KMOURGOS                  650.123.5234         16-11-2007 12-00-00 ST_MAN           5800                       100            50             
        125 Julia                Nayer                     JNAYER                    650.124.1214         16-07-2005 12-00-00 ST_CLERK         3200                       120            50             
        126 Irene                Mikkilineni               IMIKKILI                  650.124.1224         28-09-2006 12-00-00 ST_CLERK         2700                       120            50             
        127 James                Landry                    JLANDRY                   650.124.1334         14-01-2007 12-00-00 ST_CLERK         2400                       120            50             
        128 Steven               Markle                    SMARKLE                   650.124.1434         08-03-2008 12-00-00 ST_CLERK         2200                       120            50             
        129 Laura                Bissot                    LBISSOT                   650.124.5234         20-08-2005 12-00-00 ST_CLERK         3300                       121            50             
        130 Mozhe                Atkinson                  MATKINSO                  650.124.6234         30-10-2005 12-00-00 ST_CLERK         2800                       121            50             
        131 James                Marlow                    JAMRLOW                   650.124.7234         16-02-2005 12-00-00 ST_CLERK         2500                       121            50             
        132 TJ                   Olson                     TJOLSON                   650.124.8234         10-04-2007 12-00-00 ST_CLERK         2100                       121            50             
        133 Jason                Mallin                    JMALLIN                   650.127.1934         14-06-2004 12-00-00 ST_CLERK         3300                       122            50             
        134 Michael              Rogers                    MROGERS                   650.127.1834         26-08-2006 12-00-00 ST_CLERK         2900                       122            50             
        135 Ki                   Gee                       KGEE                      650.127.1734         12-12-2007 12-00-00 ST_CLERK         2400                       122            50             
        136 Hazel                Philtanker                HPHILTAN                  650.127.1634         06-02-2008 12-00-00 ST_CLERK         2200                       122            50             
        137 Renske               Ladwig                    RLADWIG                   650.121.1234         14-07-2003 12-00-00 ST_CLERK         3600                       123            50             
        138 Stephen              Stiles                    SSTILES                   650.121.2034         26-10-2005 12-00-00 ST_CLERK         3200                       123            50             
        139 John                 Seo                       JSEO                      650.121.2019         12-02-2006 12-00-00 ST_CLERK         2700                       123            50             
        140 Joshua               Patel                     JPATEL                    650.121.1834         06-04-2006 12-00-00 ST_CLERK         2500                       123            50             
        141 Trenna               Rajs                      TRAJS                     650.121.8009         17-10-2003 12-00-00 ST_CLERK         3500                       124            50             
        142 Curtis               Davies                    CDAVIES                   650.121.2994         29-01-2005 12-00-00 ST_CLERK         3100                       124            50             
        143 Randall              Matos                     RMATOS                    650.121.2874         15-03-2006 12-00-00 ST_CLERK         2600                       124            50             
        144 Peter                Vargas                    PVARGAS                   650.121.2004         09-07-2006 12-00-00 ST_CLERK         2500                       124            50             
        145 John                 Russell                   JRUSSEL                   011.44.1344.429268   01-10-2004 12-00-00 SA_MAN          14000             .4        100            80             
        146 Karen                Partners                  KPARTNER                  011.44.1344.467268   05-01-2005 12-00-00 SA_MAN          13500             .3        100            80             
        147 Alberto              Errazuriz                 AERRAZUR                  011.44.1344.429278   10-03-2005 12-00-00 SA_MAN          12000             .3        100            80             
        148 Gerald               Cambrault                 GCAMBRAU                  011.44.1344.619268   15-10-2007 12-00-00 SA_MAN          11000             .3        100            80             
        149 Eleni                Zlotkey                   EZLOTKEY                  011.44.1344.429018   29-01-2008 12-00-00 SA_MAN          10500             .2        100            80             
        150 Peter                Tucker                    PTUCKER                   011.44.1344.129268   30-01-2005 12-00-00 SA_REP          10000             .3        145            80             
        151 David                Bernstein                 DBERNSTE                  011.44.1344.345268   24-03-2005 12-00-00 SA_REP           9500            .25        145            80             
        152 Peter                Hall                      PHALL                     011.44.1344.478968   20-08-2005 12-00-00 SA_REP           9000            .25        145            80             
        153 Christopher          Olsen                     COLSEN                    011.44.1344.498718   30-03-2006 12-00-00 SA_REP           8000             .2        145            80             
        154 Nanette              Cambrault                 NCAMBRAU                  011.44.1344.987668   09-12-2006 12-00-00 SA_REP           7500             .2        145            80             
        155 Oliver               Tuvault                   OTUVAULT                  011.44.1344.486508   23-11-2007 12-00-00 SA_REP           7000            .15        145            80             
        156 Janette              King                      JKING                     011.44.1345.429268   30-01-2004 12-00-00 SA_REP          10000            .35        146            80             
        157 Patrick              Sully                     PSULLY                    011.44.1345.929268   04-03-2004 12-00-00 SA_REP           9500            .35        146            80             
        158 Allan                McEwen                    AMCEWEN                   011.44.1345.829268   01-08-2004 12-00-00 SA_REP           9000            .35        146            80             
        159 Lindsey              Smith                     LSMITH                    011.44.1345.729268   10-03-2005 12-00-00 SA_REP           8000             .3        146            80             
        160 Louise               Doran                     LDORAN                    011.44.1345.629268   15-12-2005 12-00-00 SA_REP           7500             .3        146            80             
        161 Sarath               Sewall                    SSEWALL                   011.44.1345.529268   03-11-2006 12-00-00 SA_REP           7000            .25        146            80             
        162 Clara                Vishney                   CVISHNEY                  011.44.1346.129268   11-11-2005 12-00-00 SA_REP          10500            .25        147            80             
        163 Danielle             Greene                    DGREENE                   011.44.1346.229268   19-03-2007 12-00-00 SA_REP           9500            .15        147            80             
        164 Mattea               Marvins                   MMARVINS                  011.44.1346.329268   24-01-2008 12-00-00 SA_REP           7200             .1        147            80             
        165 David                Lee                       DLEE                      011.44.1346.529268   23-02-2008 12-00-00 SA_REP           6800             .1        147            80             
        166 Sundar               Ande                      SANDE                     011.44.1346.629268   24-03-2008 12-00-00 SA_REP           6400             .1        147            80             
        167 Amit                 Banda                     ABANDA                    011.44.1346.729268   21-04-2008 12-00-00 SA_REP           6200             .1        147            80             
        168 Lisa                 Ozer                      LOZER                     011.44.1343.929268   11-03-2005 12-00-00 SA_REP          11500            .25        148            80             
        169 Harrison             Bloom                     HBLOOM                    011.44.1343.829268   23-03-2006 12-00-00 SA_REP          10000             .2        148            80             
        170 Tayler               Fox                       TFOX                      011.44.1343.729268   24-01-2006 12-00-00 SA_REP           9600             .2        148            80             
        171 William              Smith                     WSMITH                    011.44.1343.629268   23-02-2007 12-00-00 SA_REP           7400            .15        148            80             
        172 Elizabeth            Bates                     EBATES                    011.44.1343.529268   24-03-2007 12-00-00 SA_REP           7300            .15        148            80             
        173 Sundita              Kumar                     SKUMAR                    011.44.1343.329268   21-04-2008 12-00-00 SA_REP           6100             .1        148            80             
        174 Ellen                Abel                      EABEL                     011.44.1644.429267   11-05-2004 12-00-00 SA_REP          11000             .3        149            80             
        175 Alyssa               Hutton                    AHUTTON                   011.44.1644.429266   19-03-2005 12-00-00 SA_REP           8800            .25        149            80             
        176 Jonathon             Taylor                    JTAYLOR                   011.44.1644.429265   24-03-2006 12-00-00 SA_REP           8600             .2        149            80             
        177 Jack                 Livingston                JLIVINGS                  011.44.1644.429264   23-04-2006 12-00-00 SA_REP           8400             .2        149            80             
        178 Kimberely            Grant                     KGRANT                    011.44.1644.429263   24-05-2007 12-00-00 SA_REP           7000            .15        149                           
        179 Charles              Johnson                   CJOHNSON                  011.44.1644.429262   04-01-2008 12-00-00 SA_REP           6200             .1        149            80             
        180 Winston              Taylor                    WTAYLOR                   650.507.9876         24-01-2006 12-00-00 SH_CLERK         3200                       120            50             
        181 Jean                 Fleaur                    JFLEAUR                   650.507.9877         23-02-2006 12-00-00 SH_CLERK         3100                       120            50             
        182 Martha               Sullivan                  MSULLIVA                  650.507.9878         21-06-2007 12-00-00 SH_CLERK         2500                       120            50             
        183 Girard               Geoni                     GGEONI                    650.507.9879         03-02-2008 12-00-00 SH_CLERK         2800                       120            50             
        184 Nandita              Sarchand                  NSARCHAN                  650.509.1876         27-01-2004 12-00-00 SH_CLERK         4200                       121            50             
        185 Alexis               Bull                      ABULL                     650.509.2876         20-02-2005 12-00-00 SH_CLERK         4100                       121            50             
        186 Julia                Dellinger                 JDELLING                  650.509.3876         24-06-2006 12-00-00 SH_CLERK         3400                       121            50             
        187 Anthony              Cabrio                    ACABRIO                   650.509.4876         07-02-2007 12-00-00 SH_CLERK         3000                       121            50             
        188 Kelly                Chung                     KCHUNG                    650.505.1876         14-06-2005 12-00-00 SH_CLERK         3800                       122            50             
        189 Jennifer             Dilly                     JDILLY                    650.505.2876         13-08-2005 12-00-00 SH_CLERK         3600                       122            50             
        190 Timothy              Gates                     TGATES                    650.505.3876         11-07-2006 12-00-00 SH_CLERK         2900                       122            50             
        191 Randall              Perkins                   RPERKINS                  650.505.4876         19-12-2007 12-00-00 SH_CLERK         2500                       122            50             
        192 Sarah                Bell                      SBELL                     650.501.1876         04-02-2004 12-00-00 SH_CLERK         4000                       123            50             
        193 Britney              Everett                   BEVERETT                  650.501.2876         03-03-2005 12-00-00 SH_CLERK         3900                       123            50             
        194 Samuel               McCain                    SMCCAIN                   650.501.3876         01-07-2006 12-00-00 SH_CLERK         3200                       123            50             
        195 Vance                Jones                     VJONES                    650.501.4876         17-03-2007 12-00-00 SH_CLERK         2800                       123            50             
        196 Alana                Walsh                     AWALSH                    650.507.9811         24-04-2006 12-00-00 SH_CLERK         3100                       124            50             
        197 Kevin                Feeney                    KFEENEY                   650.507.9822         23-05-2006 12-00-00 SH_CLERK         3000                       124            50             
        198 Donald               OConnell                  DOCONNEL                  650.507.9833         21-06-2007 12-00-00 SH_CLERK         2600                       124            50             
        199 Douglas              Grant                     DGRANT                    650.507.9844         13-01-2008 12-00-00 SH_CLERK         2600                       124            50             
        200 Jennifer             Whalen                    JWHALEN                   515.123.4444         17-09-2003 12-00-00 AD_ASST          4400                       101            10             
        201 Michael              Hartstein                 MHARTSTE                  515.123.5555         17-02-2004 12-00-00 MK_MAN          13000                       100            20             
        202 Pat                  Fay                       PFAY                      603.123.6666         17-08-2005 12-00-00 MK_REP           6000                       201            20             
        203 Susan                Mavris                    SMAVRIS                   515.123.7777         07-06-2002 12-00-00 HR_REP           6500                       101            40             
        204 Hermann              Baer                      HBAER                     515.123.8888         07-06-2002 12-00-00 PR_REP          10000                       101            70             
        205 Shelley              Higgins                   SHIGGINS                  515.123.8080         07-06-2002 12-00-00 AC_MGR          12008                       101           110             
        206 William              Gietz                     WGIETZ                    515.123.8181         07-06-2002 12-00-00 AC_ACCOUNT       8300                       205           110             

107 rows selected.

SQL> select hire_date, count(*) staff, sum(salary) total_salary from emp group by hire_date;

HIRE_DATE                STAFF TOTAL_SALARY                                                                                                                                                             
------------------- ---------- ------------                                                                                                                                                             
07-12-2002 12-00-00          1        11000                                                                                                                                                             
10-08-2007 12-00-00          1         2500                                                                                                                                                             
08-03-2008 12-00-00          1         2200                                                                                                                                                             
17-10-2003 12-00-00          1         3500                                                                                                                                                             
15-10-2007 12-00-00          1        11000                                                                                                                                                             
29-01-2008 12-00-00          1        10500                                                                                                                                                             
30-01-2005 12-00-00          1        10000                                                                                                                                                             
23-11-2007 12-00-00          1         7000                                                                                                                                                             
04-03-2004 12-00-00          1         9500                                                                                                                                                             
21-04-2008 12-00-00          2        12300                                                                                                                                                             
03-02-2008 12-00-00          1         2800                                                                                                                                                             
14-06-2005 12-00-00          1         3800                                                                                                                                                             
03-03-2005 12-00-00          1         3900                                                                                                                                                             
03-01-2006 12-00-00          1         9000                                                                                                                                                             
07-12-2007 12-00-00          1         6900                                                                                                                                                             
18-07-2004 12-00-00          1         8000                                                                                                                                                             
16-11-2007 12-00-00          1         5800                                                                                                                                                             
28-09-2006 12-00-00          1         2700                                                                                                                                                             
26-08-2006 12-00-00          1         2900                                                                                                                                                             
29-01-2005 12-00-00          1         3100                                                                                                                                                             
30-03-2006 12-00-00          1         8000                                                                                                                                                             
15-12-2005 12-00-00          1         7500                                                                                                                                                             
19-03-2007 12-00-00          1         9500                                                                                                                                                             
24-05-2007 12-00-00          1         7000                                                                                                                                                             
04-01-2008 12-00-00          1         6200                                                                                                                                                             
27-01-2004 12-00-00          1         4200                                                                                                                                                             
04-02-2004 12-00-00          1         4000                                                                                                                                                             
23-05-2006 12-00-00          1         3000                                                                                                                                                             
16-08-2002 12-00-00          1         9000                                                                                                                                                             
07-03-2006 12-00-00          1         7800                                                                                                                                                             
10-10-2005 12-00-00          1         6500                                                                                                                                                             
06-04-2006 12-00-00          1         2500                                                                                                                                                             
09-07-2006 12-00-00          1         2500                                                                                                                                                             
01-10-2004 12-00-00          1        14000                                                                                                                                                             
10-03-2005 12-00-00          2        20000                                                                                                                                                             
01-08-2004 12-00-00          1         9000                                                                                                                                                             
24-06-2006 12-00-00          1         3400                                                                                                                                                             
17-09-2003 12-00-00          1         4400                                                                                                                                                             
17-08-2005 12-00-00          1         6000                                                                                                                                                             
05-02-2006 12-00-00          1         4800                                                                                                                                                             
20-08-2005 12-00-00          2        12300                                                                                                                                                             
15-03-2006 12-00-00          1         2600                                                                                                                                                             
24-03-2005 12-00-00          1         9500                                                                                                                                                             
30-01-2004 12-00-00          1        10000                                                                                                                                                             
23-03-2006 12-00-00          1        10000                                                                                                                                                             
24-01-2006 12-00-00          2        12800                                                                                                                                                             
28-09-2005 12-00-00          1         8200                                                                                                                                                             
18-05-2003 12-00-00          1         3100                                                                                                                                                             
15-11-2006 12-00-00          1         2600                                                                                                                                                             
14-01-2007 12-00-00          1         2400                                                                                                                                                             
24-03-2007 12-00-00          1         7300                                                                                                                                                             
23-02-2006 12-00-00          1         3100                                                                                                                                                             
19-12-2007 12-00-00          1         2500                                                                                                                                                             
17-06-2003 12-00-00          1        24000                                                                                                                                                             
30-09-2005 12-00-00          1         7700                                                                                                                                                             
16-07-2005 12-00-00          1         3200                                                                                                                                                             
30-10-2005 12-00-00          1         2800                                                                                                                                                             
14-07-2003 12-00-00          1         3600                                                                                                                                                             
12-02-2006 12-00-00          1         2700                                                                                                                                                             
09-12-2006 12-00-00          1         7500                                                                                                                                                             
24-01-2008 12-00-00          1         7200                                                                                                                                                             
23-02-2008 12-00-00          1         6800                                                                                                                                                             
24-03-2008 12-00-00          1         6400                                                                                                                                                             
11-03-2005 12-00-00          1        11500                                                                                                                                                             
23-02-2007 12-00-00          1         7400                                                                                                                                                             
13-08-2005 12-00-00          1         3600                                                                                                                                                             
01-07-2006 12-00-00          1         3200                                                                                                                                                             
17-03-2007 12-00-00          1         2800                                                                                                                                                             
07-06-2002 12-00-00          4        36808                                                                                                                                                             
21-09-2005 12-00-00          1        17000                                                                                                                                                             
10-04-2005 12-00-00          1         8200                                                                                                                                                             
16-02-2005 12-00-00          1         2500                                                                                                                                                             
14-06-2004 12-00-00          1         3300                                                                                                                                                             
06-02-2008 12-00-00          1         2200                                                                                                                                                             
26-10-2005 12-00-00          1         3200                                                                                                                                                             
05-01-2005 12-00-00          1        13500                                                                                                                                                             
11-05-2004 12-00-00          1        11000                                                                                                                                                             
21-06-2007 12-00-00          2         5100                                                                                                                                                             
20-02-2005 12-00-00          1         4100                                                                                                                                                             
24-04-2006 12-00-00          1         3100                                                                                                                                                             
13-01-2001 12-00-00          1        17000                                                                                                                                                             
21-05-2007 12-00-00          1         6000                                                                                                                                                             
25-06-2005 12-00-00          1         4800                                                                                                                                                             
07-02-2007 12-00-00          2         7200                                                                                                                                                             
17-08-2002 12-00-00          1        12008                                                                                                                                                             
24-12-2005 12-00-00          1         2900                                                                                                                                                             
24-07-2005 12-00-00          1         2800                                                                                                                                                             
01-05-2003 12-00-00          1         7900                                                                                                                                                             
10-04-2007 12-00-00          1         2100                                                                                                                                                             
12-12-2007 12-00-00          1         2400                                                                                                                                                             
03-11-2006 12-00-00          1         7000                                                                                                                                                             
11-11-2005 12-00-00          1        10500                                                                                                                                                             
19-03-2005 12-00-00          1         8800                                                                                                                                                             
24-03-2006 12-00-00          1         8600                                                                                                                                                             
23-04-2006 12-00-00          1         8400                                                                                                                                                             
11-07-2006 12-00-00          1         2900                                                                                                                                                             
13-01-2008 12-00-00          1         2600                                                                                                                                                             
17-02-2004 12-00-00          1        13000                                                                                                                                                             

98 rows selected.

SQL> update emp set hire_date = '01-feb-1992 12:45:00' from emp where employee_id = 100;
update emp set hire_date = '01-feb-1992 12:45:00' from emp where employee_id = 100
                                                  *
ERROR at line 1:
ORA-00933: SQL command not properly ended 


SQL> update emp set hire_date = '01-feb-1992 12:45:00' where employee_id = 100;

1 row updated.

SQL> select * from emp;

EMPLOYEE_ID FIRST_NAME           LAST_NAME                 EMAIL                     PHONE_NUMBER         HIRE_DATE           JOB_ID         SALARY COMMISSION_PCT MANAGER_ID DEPARTMENT_ID             
----------- -------------------- ------------------------- ------------------------- -------------------- ------------------- ---------- ---------- -------------- ---------- -------------             
        100 Steven               King                      SKING                     515.123.4567         01-02-1992 12-45-00 AD_PRES         24000                                      90             
        101 Neena                Kochhar                   NKOCHHAR                  515.123.4568         21-09-2005 12-00-00 AD_VP           17000                       100            90             
        102 Lex                  De Haan                   LDEHAAN                   515.123.4569         13-01-2001 12-00-00 AD_VP           17000                       100            90             
        103 Alexander            Hunold                    AHUNOLD                   590.423.4567         03-01-2006 12-00-00 IT_PROG          9000                       102            60             
        104 Bruce                Ernst                     BERNST                    590.423.4568         21-05-2007 12-00-00 IT_PROG          6000                       103            60             
        105 David                Austin                    DAUSTIN                   590.423.4569         25-06-2005 12-00-00 IT_PROG          4800                       103            60             
        106 Valli                Pataballa                 VPATABAL                  590.423.4560         05-02-2006 12-00-00 IT_PROG          4800                       103            60             
        107 Diana                Lorentz                   DLORENTZ                  590.423.5567         07-02-2007 12-00-00 IT_PROG          4200                       103            60             
        108 Nancy                Greenberg                 NGREENBE                  515.124.4569         17-08-2002 12-00-00 FI_MGR          12008                       101           100             
        109 Daniel               Faviet                    DFAVIET                   515.124.4169         16-08-2002 12-00-00 FI_ACCOUNT       9000                       108           100             
        110 John                 Chen                      JCHEN                     515.124.4269         28-09-2005 12-00-00 FI_ACCOUNT       8200                       108           100             
        111 Ismael               Sciarra                   ISCIARRA                  515.124.4369         30-09-2005 12-00-00 FI_ACCOUNT       7700                       108           100             
        112 Jose Manuel          Urman                     JMURMAN                   515.124.4469         07-03-2006 12-00-00 FI_ACCOUNT       7800                       108           100             
        113 Luis                 Popp                      LPOPP                     515.124.4567         07-12-2007 12-00-00 FI_ACCOUNT       6900                       108           100             
        114 Den                  Raphaely                  DRAPHEAL                  515.127.4561         07-12-2002 12-00-00 PU_MAN          11000                       100            30             
        115 Alexander            Khoo                      AKHOO                     515.127.4562         18-05-2003 12-00-00 PU_CLERK         3100                       114            30             
        116 Shelli               Baida                     SBAIDA                    515.127.4563         24-12-2005 12-00-00 PU_CLERK         2900                       114            30             
        117 Sigal                Tobias                    STOBIAS                   515.127.4564         24-07-2005 12-00-00 PU_CLERK         2800                       114            30             
        118 Guy                  Himuro                    GHIMURO                   515.127.4565         15-11-2006 12-00-00 PU_CLERK         2600                       114            30             
        119 Karen                Colmenares                KCOLMENA                  515.127.4566         10-08-2007 12-00-00 PU_CLERK         2500                       114            30             
        120 Matthew              Weiss                     MWEISS                    650.123.1234         18-07-2004 12-00-00 ST_MAN           8000                       100            50             
        121 Adam                 Fripp                     AFRIPP                    650.123.2234         10-04-2005 12-00-00 ST_MAN           8200                       100            50             
        122 Payam                Kaufling                  PKAUFLIN                  650.123.3234         01-05-2003 12-00-00 ST_MAN           7900                       100            50             
        123 Shanta               Vollman                   SVOLLMAN                  650.123.4234         10-10-2005 12-00-00 ST_MAN           6500                       100            50             
        124 Kevin                Mourgos                   KMOURGOS                  650.123.5234         16-11-2007 12-00-00 ST_MAN           5800                       100            50             
        125 Julia                Nayer                     JNAYER                    650.124.1214         16-07-2005 12-00-00 ST_CLERK         3200                       120            50             
        126 Irene                Mikkilineni               IMIKKILI                  650.124.1224         28-09-2006 12-00-00 ST_CLERK         2700                       120            50             
        127 James                Landry                    JLANDRY                   650.124.1334         14-01-2007 12-00-00 ST_CLERK         2400                       120            50             
        128 Steven               Markle                    SMARKLE                   650.124.1434         08-03-2008 12-00-00 ST_CLERK         2200                       120            50             
        129 Laura                Bissot                    LBISSOT                   650.124.5234         20-08-2005 12-00-00 ST_CLERK         3300                       121            50             
        130 Mozhe                Atkinson                  MATKINSO                  650.124.6234         30-10-2005 12-00-00 ST_CLERK         2800                       121            50             
        131 James                Marlow                    JAMRLOW                   650.124.7234         16-02-2005 12-00-00 ST_CLERK         2500                       121            50             
        132 TJ                   Olson                     TJOLSON                   650.124.8234         10-04-2007 12-00-00 ST_CLERK         2100                       121            50             
        133 Jason                Mallin                    JMALLIN                   650.127.1934         14-06-2004 12-00-00 ST_CLERK         3300                       122            50             
        134 Michael              Rogers                    MROGERS                   650.127.1834         26-08-2006 12-00-00 ST_CLERK         2900                       122            50             
        135 Ki                   Gee                       KGEE                      650.127.1734         12-12-2007 12-00-00 ST_CLERK         2400                       122            50             
        136 Hazel                Philtanker                HPHILTAN                  650.127.1634         06-02-2008 12-00-00 ST_CLERK         2200                       122            50             
        137 Renske               Ladwig                    RLADWIG                   650.121.1234         14-07-2003 12-00-00 ST_CLERK         3600                       123            50             
        138 Stephen              Stiles                    SSTILES                   650.121.2034         26-10-2005 12-00-00 ST_CLERK         3200                       123            50             
        139 John                 Seo                       JSEO                      650.121.2019         12-02-2006 12-00-00 ST_CLERK         2700                       123            50             
        140 Joshua               Patel                     JPATEL                    650.121.1834         06-04-2006 12-00-00 ST_CLERK         2500                       123            50             
        141 Trenna               Rajs                      TRAJS                     650.121.8009         17-10-2003 12-00-00 ST_CLERK         3500                       124            50             
        142 Curtis               Davies                    CDAVIES                   650.121.2994         29-01-2005 12-00-00 ST_CLERK         3100                       124            50             
        143 Randall              Matos                     RMATOS                    650.121.2874         15-03-2006 12-00-00 ST_CLERK         2600                       124            50             
        144 Peter                Vargas                    PVARGAS                   650.121.2004         09-07-2006 12-00-00 ST_CLERK         2500                       124            50             
        145 John                 Russell                   JRUSSEL                   011.44.1344.429268   01-10-2004 12-00-00 SA_MAN          14000             .4        100            80             
        146 Karen                Partners                  KPARTNER                  011.44.1344.467268   05-01-2005 12-00-00 SA_MAN          13500             .3        100            80             
        147 Alberto              Errazuriz                 AERRAZUR                  011.44.1344.429278   10-03-2005 12-00-00 SA_MAN          12000             .3        100            80             
        148 Gerald               Cambrault                 GCAMBRAU                  011.44.1344.619268   15-10-2007 12-00-00 SA_MAN          11000             .3        100            80             
        149 Eleni                Zlotkey                   EZLOTKEY                  011.44.1344.429018   29-01-2008 12-00-00 SA_MAN          10500             .2        100            80             
        150 Peter                Tucker                    PTUCKER                   011.44.1344.129268   30-01-2005 12-00-00 SA_REP          10000             .3        145            80             
        151 David                Bernstein                 DBERNSTE                  011.44.1344.345268   24-03-2005 12-00-00 SA_REP           9500            .25        145            80             
        152 Peter                Hall                      PHALL                     011.44.1344.478968   20-08-2005 12-00-00 SA_REP           9000            .25        145            80             
        153 Christopher          Olsen                     COLSEN                    011.44.1344.498718   30-03-2006 12-00-00 SA_REP           8000             .2        145            80             
        154 Nanette              Cambrault                 NCAMBRAU                  011.44.1344.987668   09-12-2006 12-00-00 SA_REP           7500             .2        145            80             
        155 Oliver               Tuvault                   OTUVAULT                  011.44.1344.486508   23-11-2007 12-00-00 SA_REP           7000            .15        145            80             
        156 Janette              King                      JKING                     011.44.1345.429268   30-01-2004 12-00-00 SA_REP          10000            .35        146            80             
        157 Patrick              Sully                     PSULLY                    011.44.1345.929268   04-03-2004 12-00-00 SA_REP           9500            .35        146            80             
        158 Allan                McEwen                    AMCEWEN                   011.44.1345.829268   01-08-2004 12-00-00 SA_REP           9000            .35        146            80             
        159 Lindsey              Smith                     LSMITH                    011.44.1345.729268   10-03-2005 12-00-00 SA_REP           8000             .3        146            80             
        160 Louise               Doran                     LDORAN                    011.44.1345.629268   15-12-2005 12-00-00 SA_REP           7500             .3        146            80             
        161 Sarath               Sewall                    SSEWALL                   011.44.1345.529268   03-11-2006 12-00-00 SA_REP           7000            .25        146            80             
        162 Clara                Vishney                   CVISHNEY                  011.44.1346.129268   11-11-2005 12-00-00 SA_REP          10500            .25        147            80             
        163 Danielle             Greene                    DGREENE                   011.44.1346.229268   19-03-2007 12-00-00 SA_REP           9500            .15        147            80             
        164 Mattea               Marvins                   MMARVINS                  011.44.1346.329268   24-01-2008 12-00-00 SA_REP           7200             .1        147            80             
        165 David                Lee                       DLEE                      011.44.1346.529268   23-02-2008 12-00-00 SA_REP           6800             .1        147            80             
        166 Sundar               Ande                      SANDE                     011.44.1346.629268   24-03-2008 12-00-00 SA_REP           6400             .1        147            80             
        167 Amit                 Banda                     ABANDA                    011.44.1346.729268   21-04-2008 12-00-00 SA_REP           6200             .1        147            80             
        168 Lisa                 Ozer                      LOZER                     011.44.1343.929268   11-03-2005 12-00-00 SA_REP          11500            .25        148            80             
        169 Harrison             Bloom                     HBLOOM                    011.44.1343.829268   23-03-2006 12-00-00 SA_REP          10000             .2        148            80             
        170 Tayler               Fox                       TFOX                      011.44.1343.729268   24-01-2006 12-00-00 SA_REP           9600             .2        148            80             
        171 William              Smith                     WSMITH                    011.44.1343.629268   23-02-2007 12-00-00 SA_REP           7400            .15        148            80             
        172 Elizabeth            Bates                     EBATES                    011.44.1343.529268   24-03-2007 12-00-00 SA_REP           7300            .15        148            80             
        173 Sundita              Kumar                     SKUMAR                    011.44.1343.329268   21-04-2008 12-00-00 SA_REP           6100             .1        148            80             
        174 Ellen                Abel                      EABEL                     011.44.1644.429267   11-05-2004 12-00-00 SA_REP          11000             .3        149            80             
        175 Alyssa               Hutton                    AHUTTON                   011.44.1644.429266   19-03-2005 12-00-00 SA_REP           8800            .25        149            80             
        176 Jonathon             Taylor                    JTAYLOR                   011.44.1644.429265   24-03-2006 12-00-00 SA_REP           8600             .2        149            80             
        177 Jack                 Livingston                JLIVINGS                  011.44.1644.429264   23-04-2006 12-00-00 SA_REP           8400             .2        149            80             
        178 Kimberely            Grant                     KGRANT                    011.44.1644.429263   24-05-2007 12-00-00 SA_REP           7000            .15        149                           
        179 Charles              Johnson                   CJOHNSON                  011.44.1644.429262   04-01-2008 12-00-00 SA_REP           6200             .1        149            80             
        180 Winston              Taylor                    WTAYLOR                   650.507.9876         24-01-2006 12-00-00 SH_CLERK         3200                       120            50             
        181 Jean                 Fleaur                    JFLEAUR                   650.507.9877         23-02-2006 12-00-00 SH_CLERK         3100                       120            50             
        182 Martha               Sullivan                  MSULLIVA                  650.507.9878         21-06-2007 12-00-00 SH_CLERK         2500                       120            50             
        183 Girard               Geoni                     GGEONI                    650.507.9879         03-02-2008 12-00-00 SH_CLERK         2800                       120            50             
        184 Nandita              Sarchand                  NSARCHAN                  650.509.1876         27-01-2004 12-00-00 SH_CLERK         4200                       121            50             
        185 Alexis               Bull                      ABULL                     650.509.2876         20-02-2005 12-00-00 SH_CLERK         4100                       121            50             
        186 Julia                Dellinger                 JDELLING                  650.509.3876         24-06-2006 12-00-00 SH_CLERK         3400                       121            50             
        187 Anthony              Cabrio                    ACABRIO                   650.509.4876         07-02-2007 12-00-00 SH_CLERK         3000                       121            50             
        188 Kelly                Chung                     KCHUNG                    650.505.1876         14-06-2005 12-00-00 SH_CLERK         3800                       122            50             
        189 Jennifer             Dilly                     JDILLY                    650.505.2876         13-08-2005 12-00-00 SH_CLERK         3600                       122            50             
        190 Timothy              Gates                     TGATES                    650.505.3876         11-07-2006 12-00-00 SH_CLERK         2900                       122            50             
        191 Randall              Perkins                   RPERKINS                  650.505.4876         19-12-2007 12-00-00 SH_CLERK         2500                       122            50             
        192 Sarah                Bell                      SBELL                     650.501.1876         04-02-2004 12-00-00 SH_CLERK         4000                       123            50             
        193 Britney              Everett                   BEVERETT                  650.501.2876         03-03-2005 12-00-00 SH_CLERK         3900                       123            50             
        194 Samuel               McCain                    SMCCAIN                   650.501.3876         01-07-2006 12-00-00 SH_CLERK         3200                       123            50             
        195 Vance                Jones                     VJONES                    650.501.4876         17-03-2007 12-00-00 SH_CLERK         2800                       123            50             
        196 Alana                Walsh                     AWALSH                    650.507.9811         24-04-2006 12-00-00 SH_CLERK         3100                       124            50             
        197 Kevin                Feeney                    KFEENEY                   650.507.9822         23-05-2006 12-00-00 SH_CLERK         3000                       124            50             
        198 Donald               OConnell                  DOCONNEL                  650.507.9833         21-06-2007 12-00-00 SH_CLERK         2600                       124            50             
        199 Douglas              Grant                     DGRANT                    650.507.9844         13-01-2008 12-00-00 SH_CLERK         2600                       124            50             
        200 Jennifer             Whalen                    JWHALEN                   515.123.4444         17-09-2003 12-00-00 AD_ASST          4400                       101            10             
        201 Michael              Hartstein                 MHARTSTE                  515.123.5555         17-02-2004 12-00-00 MK_MAN          13000                       100            20             
        202 Pat                  Fay                       PFAY                      603.123.6666         17-08-2005 12-00-00 MK_REP           6000                       201            20             
        203 Susan                Mavris                    SMAVRIS                   515.123.7777         07-06-2002 12-00-00 HR_REP           6500                       101            40             
        204 Hermann              Baer                      HBAER                     515.123.8888         07-06-2002 12-00-00 PR_REP          10000                       101            70             
        205 Shelley              Higgins                   SHIGGINS                  515.123.8080         07-06-2002 12-00-00 AC_MGR          12008                       101           110             
        206 William              Gietz                     WGIETZ                    515.123.8181         07-06-2002 12-00-00 AC_ACCOUNT       8300                       205           110             

107 rows selected.

SQL>  update emp set hire_date = '01-feb-1992 12:45:00' where employee_id = 101;

1 row updated.

SQL>  update emp set hire_date = '01-feb-1992 01:45:20' where employee_id = 102;

1 row updated.

SQL>  update emp set hire_date = '01-feb-1992 00:45:00' where employee_id = 103;
 update emp set hire_date = '01-feb-1992 00:45:00' where employee_id = 103
                            *
ERROR at line 1:
ORA-01858: a non-numeric character was found where a numeric was expected 


SQL>  update emp set hire_date = '01-feb-1992 09:45:00' where employee_id = 103;

1 row updated.

SQL>  update emp set hire_date = '01-feb-1992 12:45:00' where employee_id = 104;

1 row updated.

SQL> select * from emp;

EMPLOYEE_ID FIRST_NAME           LAST_NAME                 EMAIL                     PHONE_NUMBER         HIRE_DATE           JOB_ID         SALARY COMMISSION_PCT MANAGER_ID DEPARTMENT_ID             
----------- -------------------- ------------------------- ------------------------- -------------------- ------------------- ---------- ---------- -------------- ---------- -------------             
        100 Steven               King                      SKING                     515.123.4567         01-02-1992 12-45-00 AD_PRES         24000                                      90             
        101 Neena                Kochhar                   NKOCHHAR                  515.123.4568         01-02-1992 12-45-00 AD_VP           17000                       100            90             
        102 Lex                  De Haan                   LDEHAAN                   515.123.4569         01-02-1992 01-45-20 AD_VP           17000                       100            90             
        103 Alexander            Hunold                    AHUNOLD                   590.423.4567         01-02-1992 09-45-00 IT_PROG          9000                       102            60             
        104 Bruce                Ernst                     BERNST                    590.423.4568         01-02-1992 12-45-00 IT_PROG          6000                       103            60             
        105 David                Austin                    DAUSTIN                   590.423.4569         25-06-2005 12-00-00 IT_PROG          4800                       103            60             
        106 Valli                Pataballa                 VPATABAL                  590.423.4560         05-02-2006 12-00-00 IT_PROG          4800                       103            60             
        107 Diana                Lorentz                   DLORENTZ                  590.423.5567         07-02-2007 12-00-00 IT_PROG          4200                       103            60             
        108 Nancy                Greenberg                 NGREENBE                  515.124.4569         17-08-2002 12-00-00 FI_MGR          12008                       101           100             
        109 Daniel               Faviet                    DFAVIET                   515.124.4169         16-08-2002 12-00-00 FI_ACCOUNT       9000                       108           100             
        110 John                 Chen                      JCHEN                     515.124.4269         28-09-2005 12-00-00 FI_ACCOUNT       8200                       108           100             
        111 Ismael               Sciarra                   ISCIARRA                  515.124.4369         30-09-2005 12-00-00 FI_ACCOUNT       7700                       108           100             
        112 Jose Manuel          Urman                     JMURMAN                   515.124.4469         07-03-2006 12-00-00 FI_ACCOUNT       7800                       108           100             
        113 Luis                 Popp                      LPOPP                     515.124.4567         07-12-2007 12-00-00 FI_ACCOUNT       6900                       108           100             
        114 Den                  Raphaely                  DRAPHEAL                  515.127.4561         07-12-2002 12-00-00 PU_MAN          11000                       100            30             
        115 Alexander            Khoo                      AKHOO                     515.127.4562         18-05-2003 12-00-00 PU_CLERK         3100                       114            30             
        116 Shelli               Baida                     SBAIDA                    515.127.4563         24-12-2005 12-00-00 PU_CLERK         2900                       114            30             
        117 Sigal                Tobias                    STOBIAS                   515.127.4564         24-07-2005 12-00-00 PU_CLERK         2800                       114            30             
        118 Guy                  Himuro                    GHIMURO                   515.127.4565         15-11-2006 12-00-00 PU_CLERK         2600                       114            30             
        119 Karen                Colmenares                KCOLMENA                  515.127.4566         10-08-2007 12-00-00 PU_CLERK         2500                       114            30             
        120 Matthew              Weiss                     MWEISS                    650.123.1234         18-07-2004 12-00-00 ST_MAN           8000                       100            50             
        121 Adam                 Fripp                     AFRIPP                    650.123.2234         10-04-2005 12-00-00 ST_MAN           8200                       100            50             
        122 Payam                Kaufling                  PKAUFLIN                  650.123.3234         01-05-2003 12-00-00 ST_MAN           7900                       100            50             
        123 Shanta               Vollman                   SVOLLMAN                  650.123.4234         10-10-2005 12-00-00 ST_MAN           6500                       100            50             
        124 Kevin                Mourgos                   KMOURGOS                  650.123.5234         16-11-2007 12-00-00 ST_MAN           5800                       100            50             
        125 Julia                Nayer                     JNAYER                    650.124.1214         16-07-2005 12-00-00 ST_CLERK         3200                       120            50             
        126 Irene                Mikkilineni               IMIKKILI                  650.124.1224         28-09-2006 12-00-00 ST_CLERK         2700                       120            50             
        127 James                Landry                    JLANDRY                   650.124.1334         14-01-2007 12-00-00 ST_CLERK         2400                       120            50             
        128 Steven               Markle                    SMARKLE                   650.124.1434         08-03-2008 12-00-00 ST_CLERK         2200                       120            50             
        129 Laura                Bissot                    LBISSOT                   650.124.5234         20-08-2005 12-00-00 ST_CLERK         3300                       121            50             
        130 Mozhe                Atkinson                  MATKINSO                  650.124.6234         30-10-2005 12-00-00 ST_CLERK         2800                       121            50             
        131 James                Marlow                    JAMRLOW                   650.124.7234         16-02-2005 12-00-00 ST_CLERK         2500                       121            50             
        132 TJ                   Olson                     TJOLSON                   650.124.8234         10-04-2007 12-00-00 ST_CLERK         2100                       121            50             
        133 Jason                Mallin                    JMALLIN                   650.127.1934         14-06-2004 12-00-00 ST_CLERK         3300                       122            50             
        134 Michael              Rogers                    MROGERS                   650.127.1834         26-08-2006 12-00-00 ST_CLERK         2900                       122            50             
        135 Ki                   Gee                       KGEE                      650.127.1734         12-12-2007 12-00-00 ST_CLERK         2400                       122            50             
        136 Hazel                Philtanker                HPHILTAN                  650.127.1634         06-02-2008 12-00-00 ST_CLERK         2200                       122            50             
        137 Renske               Ladwig                    RLADWIG                   650.121.1234         14-07-2003 12-00-00 ST_CLERK         3600                       123            50             
        138 Stephen              Stiles                    SSTILES                   650.121.2034         26-10-2005 12-00-00 ST_CLERK         3200                       123            50             
        139 John                 Seo                       JSEO                      650.121.2019         12-02-2006 12-00-00 ST_CLERK         2700                       123            50             
        140 Joshua               Patel                     JPATEL                    650.121.1834         06-04-2006 12-00-00 ST_CLERK         2500                       123            50             
        141 Trenna               Rajs                      TRAJS                     650.121.8009         17-10-2003 12-00-00 ST_CLERK         3500                       124            50             
        142 Curtis               Davies                    CDAVIES                   650.121.2994         29-01-2005 12-00-00 ST_CLERK         3100                       124            50             
        143 Randall              Matos                     RMATOS                    650.121.2874         15-03-2006 12-00-00 ST_CLERK         2600                       124            50             
        144 Peter                Vargas                    PVARGAS                   650.121.2004         09-07-2006 12-00-00 ST_CLERK         2500                       124            50             
        145 John                 Russell                   JRUSSEL                   011.44.1344.429268   01-10-2004 12-00-00 SA_MAN          14000             .4        100            80             
        146 Karen                Partners                  KPARTNER                  011.44.1344.467268   05-01-2005 12-00-00 SA_MAN          13500             .3        100            80             
        147 Alberto              Errazuriz                 AERRAZUR                  011.44.1344.429278   10-03-2005 12-00-00 SA_MAN          12000             .3        100            80             
        148 Gerald               Cambrault                 GCAMBRAU                  011.44.1344.619268   15-10-2007 12-00-00 SA_MAN          11000             .3        100            80             
        149 Eleni                Zlotkey                   EZLOTKEY                  011.44.1344.429018   29-01-2008 12-00-00 SA_MAN          10500             .2        100            80             
        150 Peter                Tucker                    PTUCKER                   011.44.1344.129268   30-01-2005 12-00-00 SA_REP          10000             .3        145            80             
        151 David                Bernstein                 DBERNSTE                  011.44.1344.345268   24-03-2005 12-00-00 SA_REP           9500            .25        145            80             
        152 Peter                Hall                      PHALL                     011.44.1344.478968   20-08-2005 12-00-00 SA_REP           9000            .25        145            80             
        153 Christopher          Olsen                     COLSEN                    011.44.1344.498718   30-03-2006 12-00-00 SA_REP           8000             .2        145            80             
        154 Nanette              Cambrault                 NCAMBRAU                  011.44.1344.987668   09-12-2006 12-00-00 SA_REP           7500             .2        145            80             
        155 Oliver               Tuvault                   OTUVAULT                  011.44.1344.486508   23-11-2007 12-00-00 SA_REP           7000            .15        145            80             
        156 Janette              King                      JKING                     011.44.1345.429268   30-01-2004 12-00-00 SA_REP          10000            .35        146            80             
        157 Patrick              Sully                     PSULLY                    011.44.1345.929268   04-03-2004 12-00-00 SA_REP           9500            .35        146            80             
        158 Allan                McEwen                    AMCEWEN                   011.44.1345.829268   01-08-2004 12-00-00 SA_REP           9000            .35        146            80             
        159 Lindsey              Smith                     LSMITH                    011.44.1345.729268   10-03-2005 12-00-00 SA_REP           8000             .3        146            80             
        160 Louise               Doran                     LDORAN                    011.44.1345.629268   15-12-2005 12-00-00 SA_REP           7500             .3        146            80             
        161 Sarath               Sewall                    SSEWALL                   011.44.1345.529268   03-11-2006 12-00-00 SA_REP           7000            .25        146            80             
        162 Clara                Vishney                   CVISHNEY                  011.44.1346.129268   11-11-2005 12-00-00 SA_REP          10500            .25        147            80             
        163 Danielle             Greene                    DGREENE                   011.44.1346.229268   19-03-2007 12-00-00 SA_REP           9500            .15        147            80             
        164 Mattea               Marvins                   MMARVINS                  011.44.1346.329268   24-01-2008 12-00-00 SA_REP           7200             .1        147            80             
        165 David                Lee                       DLEE                      011.44.1346.529268   23-02-2008 12-00-00 SA_REP           6800             .1        147            80             
        166 Sundar               Ande                      SANDE                     011.44.1346.629268   24-03-2008 12-00-00 SA_REP           6400             .1        147            80             
        167 Amit                 Banda                     ABANDA                    011.44.1346.729268   21-04-2008 12-00-00 SA_REP           6200             .1        147            80             
        168 Lisa                 Ozer                      LOZER                     011.44.1343.929268   11-03-2005 12-00-00 SA_REP          11500            .25        148            80             
        169 Harrison             Bloom                     HBLOOM                    011.44.1343.829268   23-03-2006 12-00-00 SA_REP          10000             .2        148            80             
        170 Tayler               Fox                       TFOX                      011.44.1343.729268   24-01-2006 12-00-00 SA_REP           9600             .2        148            80             
        171 William              Smith                     WSMITH                    011.44.1343.629268   23-02-2007 12-00-00 SA_REP           7400            .15        148            80             
        172 Elizabeth            Bates                     EBATES                    011.44.1343.529268   24-03-2007 12-00-00 SA_REP           7300            .15        148            80             
        173 Sundita              Kumar                     SKUMAR                    011.44.1343.329268   21-04-2008 12-00-00 SA_REP           6100             .1        148            80             
        174 Ellen                Abel                      EABEL                     011.44.1644.429267   11-05-2004 12-00-00 SA_REP          11000             .3        149            80             
        175 Alyssa               Hutton                    AHUTTON                   011.44.1644.429266   19-03-2005 12-00-00 SA_REP           8800            .25        149            80             
        176 Jonathon             Taylor                    JTAYLOR                   011.44.1644.429265   24-03-2006 12-00-00 SA_REP           8600             .2        149            80             
        177 Jack                 Livingston                JLIVINGS                  011.44.1644.429264   23-04-2006 12-00-00 SA_REP           8400             .2        149            80             
        178 Kimberely            Grant                     KGRANT                    011.44.1644.429263   24-05-2007 12-00-00 SA_REP           7000            .15        149                           
        179 Charles              Johnson                   CJOHNSON                  011.44.1644.429262   04-01-2008 12-00-00 SA_REP           6200             .1        149            80             
        180 Winston              Taylor                    WTAYLOR                   650.507.9876         24-01-2006 12-00-00 SH_CLERK         3200                       120            50             
        181 Jean                 Fleaur                    JFLEAUR                   650.507.9877         23-02-2006 12-00-00 SH_CLERK         3100                       120            50             
        182 Martha               Sullivan                  MSULLIVA                  650.507.9878         21-06-2007 12-00-00 SH_CLERK         2500                       120            50             
        183 Girard               Geoni                     GGEONI                    650.507.9879         03-02-2008 12-00-00 SH_CLERK         2800                       120            50             
        184 Nandita              Sarchand                  NSARCHAN                  650.509.1876         27-01-2004 12-00-00 SH_CLERK         4200                       121            50             
        185 Alexis               Bull                      ABULL                     650.509.2876         20-02-2005 12-00-00 SH_CLERK         4100                       121            50             
        186 Julia                Dellinger                 JDELLING                  650.509.3876         24-06-2006 12-00-00 SH_CLERK         3400                       121            50             
        187 Anthony              Cabrio                    ACABRIO                   650.509.4876         07-02-2007 12-00-00 SH_CLERK         3000                       121            50             
        188 Kelly                Chung                     KCHUNG                    650.505.1876         14-06-2005 12-00-00 SH_CLERK         3800                       122            50             
        189 Jennifer             Dilly                     JDILLY                    650.505.2876         13-08-2005 12-00-00 SH_CLERK         3600                       122            50             
        190 Timothy              Gates                     TGATES                    650.505.3876         11-07-2006 12-00-00 SH_CLERK         2900                       122            50             
        191 Randall              Perkins                   RPERKINS                  650.505.4876         19-12-2007 12-00-00 SH_CLERK         2500                       122            50             
        192 Sarah                Bell                      SBELL                     650.501.1876         04-02-2004 12-00-00 SH_CLERK         4000                       123            50             
        193 Britney              Everett                   BEVERETT                  650.501.2876         03-03-2005 12-00-00 SH_CLERK         3900                       123            50             
        194 Samuel               McCain                    SMCCAIN                   650.501.3876         01-07-2006 12-00-00 SH_CLERK         3200                       123            50             
        195 Vance                Jones                     VJONES                    650.501.4876         17-03-2007 12-00-00 SH_CLERK         2800                       123            50             
        196 Alana                Walsh                     AWALSH                    650.507.9811         24-04-2006 12-00-00 SH_CLERK         3100                       124            50             
        197 Kevin                Feeney                    KFEENEY                   650.507.9822         23-05-2006 12-00-00 SH_CLERK         3000                       124            50             
        198 Donald               OConnell                  DOCONNEL                  650.507.9833         21-06-2007 12-00-00 SH_CLERK         2600                       124            50             
        199 Douglas              Grant                     DGRANT                    650.507.9844         13-01-2008 12-00-00 SH_CLERK         2600                       124            50             
        200 Jennifer             Whalen                    JWHALEN                   515.123.4444         17-09-2003 12-00-00 AD_ASST          4400                       101            10             
        201 Michael              Hartstein                 MHARTSTE                  515.123.5555         17-02-2004 12-00-00 MK_MAN          13000                       100            20             
        202 Pat                  Fay                       PFAY                      603.123.6666         17-08-2005 12-00-00 MK_REP           6000                       201            20             
        203 Susan                Mavris                    SMAVRIS                   515.123.7777         07-06-2002 12-00-00 HR_REP           6500                       101            40             
        204 Hermann              Baer                      HBAER                     515.123.8888         07-06-2002 12-00-00 PR_REP          10000                       101            70             
        205 Shelley              Higgins                   SHIGGINS                  515.123.8080         07-06-2002 12-00-00 AC_MGR          12008                       101           110             
        206 William              Gietz                     WGIETZ                    515.123.8181         07-06-2002 12-00-00 AC_ACCOUNT       8300                       205           110             

107 rows selected.

SQL> select hire_date, count(*) staff, sum(salary) total_salary from emp group by hire_date;

HIRE_DATE                STAFF TOTAL_SALARY                                                                                                                                                             
------------------- ---------- ------------                                                                                                                                                             
01-02-1992 12-45-00          3        47000                                                                                                                                                             
07-12-2002 12-00-00          1        11000                                                                                                                                                             
10-08-2007 12-00-00          1         2500                                                                                                                                                             
08-03-2008 12-00-00          1         2200                                                                                                                                                             
17-10-2003 12-00-00          1         3500                                                                                                                                                             
15-10-2007 12-00-00          1        11000                                                                                                                                                             
29-01-2008 12-00-00          1        10500                                                                                                                                                             
30-01-2005 12-00-00          1        10000                                                                                                                                                             
23-11-2007 12-00-00          1         7000                                                                                                                                                             
04-03-2004 12-00-00          1         9500                                                                                                                                                             
21-04-2008 12-00-00          2        12300                                                                                                                                                             
03-02-2008 12-00-00          1         2800                                                                                                                                                             
14-06-2005 12-00-00          1         3800                                                                                                                                                             
03-03-2005 12-00-00          1         3900                                                                                                                                                             
07-12-2007 12-00-00          1         6900                                                                                                                                                             
18-07-2004 12-00-00          1         8000                                                                                                                                                             
16-11-2007 12-00-00          1         5800                                                                                                                                                             
28-09-2006 12-00-00          1         2700                                                                                                                                                             
26-08-2006 12-00-00          1         2900                                                                                                                                                             
29-01-2005 12-00-00          1         3100                                                                                                                                                             
30-03-2006 12-00-00          1         8000                                                                                                                                                             
15-12-2005 12-00-00          1         7500                                                                                                                                                             
19-03-2007 12-00-00          1         9500                                                                                                                                                             
24-05-2007 12-00-00          1         7000                                                                                                                                                             
04-01-2008 12-00-00          1         6200                                                                                                                                                             
27-01-2004 12-00-00          1         4200                                                                                                                                                             
04-02-2004 12-00-00          1         4000                                                                                                                                                             
23-05-2006 12-00-00          1         3000                                                                                                                                                             
01-02-1992 01-45-20          1        17000                                                                                                                                                             
16-08-2002 12-00-00          1         9000                                                                                                                                                             
07-03-2006 12-00-00          1         7800                                                                                                                                                             
10-10-2005 12-00-00          1         6500                                                                                                                                                             
06-04-2006 12-00-00          1         2500                                                                                                                                                             
09-07-2006 12-00-00          1         2500                                                                                                                                                             
01-10-2004 12-00-00          1        14000                                                                                                                                                             
10-03-2005 12-00-00          2        20000                                                                                                                                                             
01-08-2004 12-00-00          1         9000                                                                                                                                                             
24-06-2006 12-00-00          1         3400                                                                                                                                                             
17-09-2003 12-00-00          1         4400                                                                                                                                                             
17-08-2005 12-00-00          1         6000                                                                                                                                                             
05-02-2006 12-00-00          1         4800                                                                                                                                                             
20-08-2005 12-00-00          2        12300                                                                                                                                                             
15-03-2006 12-00-00          1         2600                                                                                                                                                             
24-03-2005 12-00-00          1         9500                                                                                                                                                             
30-01-2004 12-00-00          1        10000                                                                                                                                                             
23-03-2006 12-00-00          1        10000                                                                                                                                                             
24-01-2006 12-00-00          2        12800                                                                                                                                                             
01-02-1992 09-45-00          1         9000                                                                                                                                                             
28-09-2005 12-00-00          1         8200                                                                                                                                                             
18-05-2003 12-00-00          1         3100                                                                                                                                                             
15-11-2006 12-00-00          1         2600                                                                                                                                                             
14-01-2007 12-00-00          1         2400                                                                                                                                                             
24-03-2007 12-00-00          1         7300                                                                                                                                                             
23-02-2006 12-00-00          1         3100                                                                                                                                                             
19-12-2007 12-00-00          1         2500                                                                                                                                                             
30-09-2005 12-00-00          1         7700                                                                                                                                                             
16-07-2005 12-00-00          1         3200                                                                                                                                                             
30-10-2005 12-00-00          1         2800                                                                                                                                                             
14-07-2003 12-00-00          1         3600                                                                                                                                                             
12-02-2006 12-00-00          1         2700                                                                                                                                                             
09-12-2006 12-00-00          1         7500                                                                                                                                                             
24-01-2008 12-00-00          1         7200                                                                                                                                                             
23-02-2008 12-00-00          1         6800                                                                                                                                                             
24-03-2008 12-00-00          1         6400                                                                                                                                                             
11-03-2005 12-00-00          1        11500                                                                                                                                                             
23-02-2007 12-00-00          1         7400                                                                                                                                                             
13-08-2005 12-00-00          1         3600                                                                                                                                                             
01-07-2006 12-00-00          1         3200                                                                                                                                                             
17-03-2007 12-00-00          1         2800                                                                                                                                                             
07-06-2002 12-00-00          4        36808                                                                                                                                                             
10-04-2005 12-00-00          1         8200                                                                                                                                                             
16-02-2005 12-00-00          1         2500                                                                                                                                                             
14-06-2004 12-00-00          1         3300                                                                                                                                                             
06-02-2008 12-00-00          1         2200                                                                                                                                                             
26-10-2005 12-00-00          1         3200                                                                                                                                                             
05-01-2005 12-00-00          1        13500                                                                                                                                                             
11-05-2004 12-00-00          1        11000                                                                                                                                                             
21-06-2007 12-00-00          2         5100                                                                                                                                                             
20-02-2005 12-00-00          1         4100                                                                                                                                                             
24-04-2006 12-00-00          1         3100                                                                                                                                                             
25-06-2005 12-00-00          1         4800                                                                                                                                                             
07-02-2007 12-00-00          2         7200                                                                                                                                                             
17-08-2002 12-00-00          1        12008                                                                                                                                                             
24-12-2005 12-00-00          1         2900                                                                                                                                                             
24-07-2005 12-00-00          1         2800                                                                                                                                                             
01-05-2003 12-00-00          1         7900                                                                                                                                                             
10-04-2007 12-00-00          1         2100                                                                                                                                                             
12-12-2007 12-00-00          1         2400                                                                                                                                                             
03-11-2006 12-00-00          1         7000                                                                                                                                                             
11-11-2005 12-00-00          1        10500                                                                                                                                                             
19-03-2005 12-00-00          1         8800                                                                                                                                                             
24-03-2006 12-00-00          1         8600                                                                                                                                                             
23-04-2006 12-00-00          1         8400                                                                                                                                                             
11-07-2006 12-00-00          1         2900                                                                                                                                                             
13-01-2008 12-00-00          1         2600                                                                                                                                                             
17-02-2004 12-00-00          1        13000                                                                                                                                                             

96 rows selected.

SQL> select hire_date, count(*) staff, sum(salary) total_salary from emp where having count(*)>1 group by hire_date;
select hire_date, count(*) staff, sum(salary) total_salary from emp where having count(*)>1 group by hire_date
                                                                          *
ERROR at line 1:
ORA-00936: missing expression 


SQL> select hire_date, count(*) staff, sum(salary) total_salary from emp having count(*)>1 group by hire_date;

HIRE_DATE                STAFF TOTAL_SALARY                                                                                                                                                             
------------------- ---------- ------------                                                                                                                                                             
01-02-1992 12-45-00          3        47000                                                                                                                                                             
21-04-2008 12-00-00          2        12300                                                                                                                                                             
10-03-2005 12-00-00          2        20000                                                                                                                                                             
20-08-2005 12-00-00          2        12300                                                                                                                                                             
24-01-2006 12-00-00          2        12800                                                                                                                                                             
07-06-2002 12-00-00          4        36808                                                                                                                                                             
21-06-2007 12-00-00          2         5100                                                                                                                                                             
07-02-2007 12-00-00          2         7200                                                                                                                                                             

8 rows selected.

SQL> select hire_date, count(*) staff, sum(salary) total_salary from emp  group by hire_date;

HIRE_DATE                STAFF TOTAL_SALARY                                                                                                                                                             
------------------- ---------- ------------                                                                                                                                                             
01-02-1992 12-45-00          3        47000                                                                                                                                                             
07-12-2002 12-00-00          1        11000                                                                                                                                                             
10-08-2007 12-00-00          1         2500                                                                                                                                                             
08-03-2008 12-00-00          1         2200                                                                                                                                                             
17-10-2003 12-00-00          1         3500                                                                                                                                                             
15-10-2007 12-00-00          1        11000                                                                                                                                                             
29-01-2008 12-00-00          1        10500                                                                                                                                                             
30-01-2005 12-00-00          1        10000                                                                                                                                                             
23-11-2007 12-00-00          1         7000                                                                                                                                                             
04-03-2004 12-00-00          1         9500                                                                                                                                                             
21-04-2008 12-00-00          2        12300                                                                                                                                                             
03-02-2008 12-00-00          1         2800                                                                                                                                                             
14-06-2005 12-00-00          1         3800                                                                                                                                                             
03-03-2005 12-00-00          1         3900                                                                                                                                                             
07-12-2007 12-00-00          1         6900                                                                                                                                                             
18-07-2004 12-00-00          1         8000                                                                                                                                                             
16-11-2007 12-00-00          1         5800                                                                                                                                                             
28-09-2006 12-00-00          1         2700                                                                                                                                                             
26-08-2006 12-00-00          1         2900                                                                                                                                                             
29-01-2005 12-00-00          1         3100                                                                                                                                                             
30-03-2006 12-00-00          1         8000                                                                                                                                                             
15-12-2005 12-00-00          1         7500                                                                                                                                                             
19-03-2007 12-00-00          1         9500                                                                                                                                                             
24-05-2007 12-00-00          1         7000                                                                                                                                                             
04-01-2008 12-00-00          1         6200                                                                                                                                                             
27-01-2004 12-00-00          1         4200                                                                                                                                                             
04-02-2004 12-00-00          1         4000                                                                                                                                                             
23-05-2006 12-00-00          1         3000                                                                                                                                                             
01-02-1992 01-45-20          1        17000                                                                                                                                                             
16-08-2002 12-00-00          1         9000                                                                                                                                                             
07-03-2006 12-00-00          1         7800                                                                                                                                                             
10-10-2005 12-00-00          1         6500                                                                                                                                                             
06-04-2006 12-00-00          1         2500                                                                                                                                                             
09-07-2006 12-00-00          1         2500                                                                                                                                                             
01-10-2004 12-00-00          1        14000                                                                                                                                                             
10-03-2005 12-00-00          2        20000                                                                                                                                                             
01-08-2004 12-00-00          1         9000                                                                                                                                                             
24-06-2006 12-00-00          1         3400                                                                                                                                                             
17-09-2003 12-00-00          1         4400                                                                                                                                                             
17-08-2005 12-00-00          1         6000                                                                                                                                                             
05-02-2006 12-00-00          1         4800                                                                                                                                                             
20-08-2005 12-00-00          2        12300                                                                                                                                                             
15-03-2006 12-00-00          1         2600                                                                                                                                                             
24-03-2005 12-00-00          1         9500                                                                                                                                                             
30-01-2004 12-00-00          1        10000                                                                                                                                                             
23-03-2006 12-00-00          1        10000                                                                                                                                                             
24-01-2006 12-00-00          2        12800                                                                                                                                                             
01-02-1992 09-45-00          1         9000                                                                                                                                                             
28-09-2005 12-00-00          1         8200                                                                                                                                                             
18-05-2003 12-00-00          1         3100                                                                                                                                                             
15-11-2006 12-00-00          1         2600                                                                                                                                                             
14-01-2007 12-00-00          1         2400                                                                                                                                                             
24-03-2007 12-00-00          1         7300                                                                                                                                                             
23-02-2006 12-00-00          1         3100                                                                                                                                                             
19-12-2007 12-00-00          1         2500                                                                                                                                                             
30-09-2005 12-00-00          1         7700                                                                                                                                                             
16-07-2005 12-00-00          1         3200                                                                                                                                                             
30-10-2005 12-00-00          1         2800                                                                                                                                                             
14-07-2003 12-00-00          1         3600                                                                                                                                                             
12-02-2006 12-00-00          1         2700                                                                                                                                                             
09-12-2006 12-00-00          1         7500                                                                                                                                                             
24-01-2008 12-00-00          1         7200                                                                                                                                                             
23-02-2008 12-00-00          1         6800                                                                                                                                                             
24-03-2008 12-00-00          1         6400                                                                                                                                                             
11-03-2005 12-00-00          1        11500                                                                                                                                                             
23-02-2007 12-00-00          1         7400                                                                                                                                                             
13-08-2005 12-00-00          1         3600                                                                                                                                                             
01-07-2006 12-00-00          1         3200                                                                                                                                                             
17-03-2007 12-00-00          1         2800                                                                                                                                                             
07-06-2002 12-00-00          4        36808                                                                                                                                                             
10-04-2005 12-00-00          1         8200                                                                                                                                                             
16-02-2005 12-00-00          1         2500                                                                                                                                                             
14-06-2004 12-00-00          1         3300                                                                                                                                                             
06-02-2008 12-00-00          1         2200                                                                                                                                                             
26-10-2005 12-00-00          1         3200                                                                                                                                                             
05-01-2005 12-00-00          1        13500                                                                                                                                                             
11-05-2004 12-00-00          1        11000                                                                                                                                                             
21-06-2007 12-00-00          2         5100                                                                                                                                                             
20-02-2005 12-00-00          1         4100                                                                                                                                                             
24-04-2006 12-00-00          1         3100                                                                                                                                                             
25-06-2005 12-00-00          1         4800                                                                                                                                                             
07-02-2007 12-00-00          2         7200                                                                                                                                                             
17-08-2002 12-00-00          1        12008                                                                                                                                                             
24-12-2005 12-00-00          1         2900                                                                                                                                                             
24-07-2005 12-00-00          1         2800                                                                                                                                                             
01-05-2003 12-00-00          1         7900                                                                                                                                                             
10-04-2007 12-00-00          1         2100                                                                                                                                                             
12-12-2007 12-00-00          1         2400                                                                                                                                                             
03-11-2006 12-00-00          1         7000                                                                                                                                                             
11-11-2005 12-00-00          1        10500                                                                                                                                                             
19-03-2005 12-00-00          1         8800                                                                                                                                                             
24-03-2006 12-00-00          1         8600                                                                                                                                                             
23-04-2006 12-00-00          1         8400                                                                                                                                                             
11-07-2006 12-00-00          1         2900                                                                                                                                                             
13-01-2008 12-00-00          1         2600                                                                                                                                                             
17-02-2004 12-00-00          1        13000                                                                                                                                                             

96 rows selected.

SQL> select hire_date, count(*) staff, sum(salary) total_salary from emp where hire_date in('01-feb-1992') group by hire_date;

no rows selected

SQL> select hire_date, count(*) staff, sum(salary) total_salary from emp  group by hire_date order by hire_date;

HIRE_DATE                STAFF TOTAL_SALARY                                                                                                                                                             
------------------- ---------- ------------                                                                                                                                                             
01-02-1992 01-45-20          1        17000                                                                                                                                                             
01-02-1992 09-45-00          1         9000                                                                                                                                                             
01-02-1992 12-45-00          3        47000                                                                                                                                                             
07-06-2002 12-00-00          4        36808                                                                                                                                                             
16-08-2002 12-00-00          1         9000                                                                                                                                                             
17-08-2002 12-00-00          1        12008                                                                                                                                                             
07-12-2002 12-00-00          1        11000                                                                                                                                                             
01-05-2003 12-00-00          1         7900                                                                                                                                                             
18-05-2003 12-00-00          1         3100                                                                                                                                                             
14-07-2003 12-00-00          1         3600                                                                                                                                                             
17-09-2003 12-00-00          1         4400                                                                                                                                                             
17-10-2003 12-00-00          1         3500                                                                                                                                                             
27-01-2004 12-00-00          1         4200                                                                                                                                                             
30-01-2004 12-00-00          1        10000                                                                                                                                                             
04-02-2004 12-00-00          1         4000                                                                                                                                                             
17-02-2004 12-00-00          1        13000                                                                                                                                                             
04-03-2004 12-00-00          1         9500                                                                                                                                                             
11-05-2004 12-00-00          1        11000                                                                                                                                                             
14-06-2004 12-00-00          1         3300                                                                                                                                                             
18-07-2004 12-00-00          1         8000                                                                                                                                                             
01-08-2004 12-00-00          1         9000                                                                                                                                                             
01-10-2004 12-00-00          1        14000                                                                                                                                                             
05-01-2005 12-00-00          1        13500                                                                                                                                                             
29-01-2005 12-00-00          1         3100                                                                                                                                                             
30-01-2005 12-00-00          1        10000                                                                                                                                                             
16-02-2005 12-00-00          1         2500                                                                                                                                                             
20-02-2005 12-00-00          1         4100                                                                                                                                                             
03-03-2005 12-00-00          1         3900                                                                                                                                                             
10-03-2005 12-00-00          2        20000                                                                                                                                                             
11-03-2005 12-00-00          1        11500                                                                                                                                                             
19-03-2005 12-00-00          1         8800                                                                                                                                                             
24-03-2005 12-00-00          1         9500                                                                                                                                                             
10-04-2005 12-00-00          1         8200                                                                                                                                                             
14-06-2005 12-00-00          1         3800                                                                                                                                                             
25-06-2005 12-00-00          1         4800                                                                                                                                                             
16-07-2005 12-00-00          1         3200                                                                                                                                                             
24-07-2005 12-00-00          1         2800                                                                                                                                                             
13-08-2005 12-00-00          1         3600                                                                                                                                                             
17-08-2005 12-00-00          1         6000                                                                                                                                                             
20-08-2005 12-00-00          2        12300                                                                                                                                                             
28-09-2005 12-00-00          1         8200                                                                                                                                                             
30-09-2005 12-00-00          1         7700                                                                                                                                                             
10-10-2005 12-00-00          1         6500                                                                                                                                                             
26-10-2005 12-00-00          1         3200                                                                                                                                                             
30-10-2005 12-00-00          1         2800                                                                                                                                                             
11-11-2005 12-00-00          1        10500                                                                                                                                                             
15-12-2005 12-00-00          1         7500                                                                                                                                                             
24-12-2005 12-00-00          1         2900                                                                                                                                                             
24-01-2006 12-00-00          2        12800                                                                                                                                                             
05-02-2006 12-00-00          1         4800                                                                                                                                                             
12-02-2006 12-00-00          1         2700                                                                                                                                                             
23-02-2006 12-00-00          1         3100                                                                                                                                                             
07-03-2006 12-00-00          1         7800                                                                                                                                                             
15-03-2006 12-00-00          1         2600                                                                                                                                                             
23-03-2006 12-00-00          1        10000                                                                                                                                                             
24-03-2006 12-00-00          1         8600                                                                                                                                                             
30-03-2006 12-00-00          1         8000                                                                                                                                                             
06-04-2006 12-00-00          1         2500                                                                                                                                                             
23-04-2006 12-00-00          1         8400                                                                                                                                                             
24-04-2006 12-00-00          1         3100                                                                                                                                                             
23-05-2006 12-00-00          1         3000                                                                                                                                                             
24-06-2006 12-00-00          1         3400                                                                                                                                                             
01-07-2006 12-00-00          1         3200                                                                                                                                                             
09-07-2006 12-00-00          1         2500                                                                                                                                                             
11-07-2006 12-00-00          1         2900                                                                                                                                                             
26-08-2006 12-00-00          1         2900                                                                                                                                                             
28-09-2006 12-00-00          1         2700                                                                                                                                                             
03-11-2006 12-00-00          1         7000                                                                                                                                                             
15-11-2006 12-00-00          1         2600                                                                                                                                                             
09-12-2006 12-00-00          1         7500                                                                                                                                                             
14-01-2007 12-00-00          1         2400                                                                                                                                                             
07-02-2007 12-00-00          2         7200                                                                                                                                                             
23-02-2007 12-00-00          1         7400                                                                                                                                                             
17-03-2007 12-00-00          1         2800                                                                                                                                                             
19-03-2007 12-00-00          1         9500                                                                                                                                                             
24-03-2007 12-00-00          1         7300                                                                                                                                                             
10-04-2007 12-00-00          1         2100                                                                                                                                                             
24-05-2007 12-00-00          1         7000                                                                                                                                                             
21-06-2007 12-00-00          2         5100                                                                                                                                                             
10-08-2007 12-00-00          1         2500                                                                                                                                                             
15-10-2007 12-00-00          1        11000                                                                                                                                                             
16-11-2007 12-00-00          1         5800                                                                                                                                                             
23-11-2007 12-00-00          1         7000                                                                                                                                                             
07-12-2007 12-00-00          1         6900                                                                                                                                                             
12-12-2007 12-00-00          1         2400                                                                                                                                                             
19-12-2007 12-00-00          1         2500                                                                                                                                                             
04-01-2008 12-00-00          1         6200                                                                                                                                                             
13-01-2008 12-00-00          1         2600                                                                                                                                                             
24-01-2008 12-00-00          1         7200                                                                                                                                                             
29-01-2008 12-00-00          1        10500                                                                                                                                                             
03-02-2008 12-00-00          1         2800                                                                                                                                                             
06-02-2008 12-00-00          1         2200                                                                                                                                                             
23-02-2008 12-00-00          1         6800                                                                                                                                                             
08-03-2008 12-00-00          1         2200                                                                                                                                                             
24-03-2008 12-00-00          1         6400                                                                                                                                                             
21-04-2008 12-00-00          2        12300                                                                                                                                                             

96 rows selected.

SQL> select to_char(hire_date,'dd-mon-yyyy'), count(*) staff, sum(salary) total_salary from emp  group by to_char(hire_date,'dd-mon-yyyy') order by hire_date;
select to_char(hire_date,'dd-mon-yyyy'), count(*) staff, sum(salary) total_salary from emp  group by to_char(hire_date,'dd-mon-yyyy') order by hire_date
                                                                                                                                               *
ERROR at line 1:
ORA-00979: not a GROUP BY expression 


SQL> select to_char(hire_date,'dd-mon-yyyy'), count(*) staff, sum(salary) total_salary from emp  group by to_char(hire_date,'dd-mon-yyyy');

TO_CHAR(HIRE_DATE,'D      STAFF TOTAL_SALARY                                                                                                                                                            
-------------------- ---------- ------------                                                                                                                                                            
25-jun-2005                   1         4800                                                                                                                                                            
16-aug-2002                   1         9000                                                                                                                                                            
18-jul-2004                   1         8000                                                                                                                                                            
16-nov-2007                   1         5800                                                                                                                                                            
10-apr-2007                   1         2100                                                                                                                                                            
30-jan-2005                   1        10000                                                                                                                                                            
24-mar-2008                   1         6400                                                                                                                                                            
04-jan-2008                   1         6200                                                                                                                                                            
03-feb-2008                   1         2800                                                                                                                                                            
24-jun-2006                   1         3400                                                                                                                                                            
24-apr-2006                   1         3100                                                                                                                                                            
17-aug-2005                   1         6000                                                                                                                                                            
12-dec-2007                   1         2400                                                                                                                                                            
24-mar-2005                   1         9500                                                                                                                                                            
30-mar-2006                   1         8000                                                                                                                                                            
30-jan-2004                   1        10000                                                                                                                                                            
15-dec-2005                   1         7500                                                                                                                                                            
19-mar-2007                   1         9500                                                                                                                                                            
21-apr-2008                   2        12300                                                                                                                                                            
23-feb-2006                   1         3100                                                                                                                                                            
03-mar-2005                   1         3900                                                                                                                                                            
01-feb-1992                   5        73000                                                                                                                                                            
30-oct-2005                   1         2800                                                                                                                                                            
16-feb-2005                   1         2500                                                                                                                                                            
03-nov-2006                   1         7000                                                                                                                                                            
24-jan-2006                   2        12800                                                                                                                                                            
24-mar-2007                   1         7300                                                                                                                                                            
24-mar-2006                   1         8600                                                                                                                                                            
23-apr-2006                   1         8400                                                                                                                                                            
14-jun-2005                   1         3800                                                                                                                                                            
11-jul-2006                   1         2900                                                                                                                                                            
19-dec-2007                   1         2500                                                                                                                                                            
01-jul-2006                   1         3200                                                                                                                                                            
13-jan-2008                   1         2600                                                                                                                                                            
07-feb-2007                   2         7200                                                                                                                                                            
17-aug-2002                   1        12008                                                                                                                                                            
15-nov-2006                   1         2600                                                                                                                                                            
10-apr-2005                   1         8200                                                                                                                                                            
20-aug-2005                   2        12300                                                                                                                                                            
29-jan-2005                   1         3100                                                                                                                                                            
15-mar-2006                   1         2600                                                                                                                                                            
09-dec-2006                   1         7500                                                                                                                                                            
01-aug-2004                   1         9000                                                                                                                                                            
23-feb-2008                   1         6800                                                                                                                                                            
11-mar-2005                   1        11500                                                                                                                                                            
11-may-2004                   1        11000                                                                                                                                                            
27-jan-2004                   1         4200                                                                                                                                                            
17-mar-2007                   1         2800                                                                                                                                                            
17-sep-2003                   1         4400                                                                                                                                                            
17-feb-2004                   1        13000                                                                                                                                                            
28-sep-2005                   1         8200                                                                                                                                                            
10-oct-2005                   1         6500                                                                                                                                                            
14-jun-2004                   1         3300                                                                                                                                                            
26-oct-2005                   1         3200                                                                                                                                                            
06-apr-2006                   1         2500                                                                                                                                                            
01-oct-2004                   1        14000                                                                                                                                                            
15-oct-2007                   1        11000                                                                                                                                                            
24-may-2007                   1         7000                                                                                                                                                            
13-aug-2005                   1         3600                                                                                                                                                            
07-dec-2002                   1        11000                                                                                                                                                            
01-may-2003                   1         7900                                                                                                                                                            
14-jan-2007                   1         2400                                                                                                                                                            
14-jul-2003                   1         3600                                                                                                                                                            
23-nov-2007                   1         7000                                                                                                                                                            
24-jan-2008                   1         7200                                                                                                                                                            
19-mar-2005                   1         8800                                                                                                                                                            
20-feb-2005                   1         4100                                                                                                                                                            
04-feb-2004                   1         4000                                                                                                                                                            
23-may-2006                   1         3000                                                                                                                                                            
07-jun-2002                   4        36808                                                                                                                                                            
05-feb-2006                   1         4800                                                                                                                                                            
07-mar-2006                   1         7800                                                                                                                                                            
07-dec-2007                   1         6900                                                                                                                                                            
24-jul-2005                   1         2800                                                                                                                                                            
16-jul-2005                   1         3200                                                                                                                                                            
28-sep-2006                   1         2700                                                                                                                                                            
26-aug-2006                   1         2900                                                                                                                                                            
12-feb-2006                   1         2700                                                                                                                                                            
09-jul-2006                   1         2500                                                                                                                                                            
29-jan-2008                   1        10500                                                                                                                                                            
23-mar-2006                   1        10000                                                                                                                                                            
23-feb-2007                   1         7400                                                                                                                                                            
30-sep-2005                   1         7700                                                                                                                                                            
18-may-2003                   1         3100                                                                                                                                                            
24-dec-2005                   1         2900                                                                                                                                                            
10-aug-2007                   1         2500                                                                                                                                                            
08-mar-2008                   1         2200                                                                                                                                                            
06-feb-2008                   1         2200                                                                                                                                                            
17-oct-2003                   1         3500                                                                                                                                                            
05-jan-2005                   1        13500                                                                                                                                                            
10-mar-2005                   2        20000                                                                                                                                                            
04-mar-2004                   1         9500                                                                                                                                                            
11-nov-2005                   1        10500                                                                                                                                                            
21-jun-2007                   2         5100                                                                                                                                                            

94 rows selected.

SQL> select trunc()hire_date sum(salary), count(*) from employees group by trunc(hire_date);
select trunc()hire_date sum(salary), count(*) from employees group by trunc(hire_date)
                        *
ERROR at line 1:
ORA-00923: FROM keyword not found where expected 


SQL> select trunc(hire_date), sum(salary), count(*) from employees group by trunc(hire_date);

TRUNC(HIRE_DATE)    SUM(SALARY)   COUNT(*)                                                                                                                                                              
------------------- ----------- ----------                                                                                                                                                              
14-06-2004 12-00-00        3300          1                                                                                                                                                              
17-10-2003 12-00-00        3500          1                                                                                                                                                              
10-03-2005 12-00-00       20000          2                                                                                                                                                              
29-01-2008 12-00-00       10500          1                                                                                                                                                              
30-01-2005 12-00-00       10000          1                                                                                                                                                              
30-01-2004 12-00-00       10000          1                                                                                                                                                              
01-08-2004 12-00-00        9000          1                                                                                                                                                              
24-01-2006 12-00-00       12800          2                                                                                                                                                              
24-03-2006 12-00-00        8600          1                                                                                                                                                              
27-01-2004 12-00-00        4200          1                                                                                                                                                              
17-03-2007 12-00-00        2800          1                                                                                                                                                              
17-09-2003 12-00-00        4400          1                                                                                                                                                              
05-02-2006 12-00-00        4800          1                                                                                                                                                              
18-05-2003 12-00-00        3100          1                                                                                                                                                              
01-05-2003 12-00-00        7900          1                                                                                                                                                              
30-10-2005 12-00-00        2800          1                                                                                                                                                              
26-10-2005 12-00-00        3200          1                                                                                                                                                              
09-07-2006 12-00-00        2500          1                                                                                                                                                              
15-10-2007 12-00-00       11000          1                                                                                                                                                              
24-01-2008 12-00-00        7200          1                                                                                                                                                              
11-05-2004 12-00-00       11000          1                                                                                                                                                              
19-03-2005 12-00-00        8800          1                                                                                                                                                              
19-12-2007 12-00-00        2500          1                                                                                                                                                              
17-02-2004 12-00-00       13000          1                                                                                                                                                              
10-08-2007 12-00-00        2500          1                                                                                                                                                              
06-02-2008 12-00-00        2200          1                                                                                                                                                              
15-03-2006 12-00-00        2600          1                                                                                                                                                              
24-03-2005 12-00-00        9500          1                                                                                                                                                              
04-03-2004 12-00-00        9500          1                                                                                                                                                              
15-12-2005 12-00-00        7500          1                                                                                                                                                              
23-03-2006 12-00-00       10000          1                                                                                                                                                              
23-04-2006 12-00-00        8400          1                                                                                                                                                              
23-02-2006 12-00-00        3100          1                                                                                                                                                              
13-08-2005 12-00-00        3600          1                                                                                                                                                              
03-03-2005 12-00-00        3900          1                                                                                                                                                              
24-04-2006 12-00-00        3100          1                                                                                                                                                              
13-01-2008 12-00-00        2600          1                                                                                                                                                              
07-06-2002 12-00-00       36808          4                                                                                                                                                              
21-09-2005 12-00-00       17000          1                                                                                                                                                              
21-05-2007 12-00-00        6000          1                                                                                                                                                              
28-09-2005 12-00-00        8200          1                                                                                                                                                              
30-09-2005 12-00-00        7700          1                                                                                                                                                              
24-07-2005 12-00-00        2800          1                                                                                                                                                              
08-03-2008 12-00-00        2200          1                                                                                                                                                              
26-08-2006 12-00-00        2900          1                                                                                                                                                              
03-11-2006 12-00-00        7000          1                                                                                                                                                              
11-11-2005 12-00-00       10500          1                                                                                                                                                              
24-05-2007 12-00-00        7000          1                                                                                                                                                              
03-02-2008 12-00-00        2800          1                                                                                                                                                              
17-08-2005 12-00-00        6000          1                                                                                                                                                              
17-06-2003 12-00-00       24000          1                                                                                                                                                              
03-01-2006 12-00-00        9000          1                                                                                                                                                              
16-11-2007 12-00-00        5800          1                                                                                                                                                              
06-04-2006 12-00-00        2500          1                                                                                                                                                              
29-01-2005 12-00-00        3100          1                                                                                                                                                              
01-10-2004 12-00-00       14000          1                                                                                                                                                              
23-11-2007 12-00-00        7000          1                                                                                                                                                              
19-03-2007 12-00-00        9500          1                                                                                                                                                              
04-01-2008 12-00-00        6200          1                                                                                                                                                              
21-06-2007 12-00-00        5100          2                                                                                                                                                              
20-02-2005 12-00-00        4100          1                                                                                                                                                              
24-06-2006 12-00-00        3400          1                                                                                                                                                              
11-07-2006 12-00-00        2900          1                                                                                                                                                              
16-07-2005 12-00-00        3200          1                                                                                                                                                              
28-09-2006 12-00-00        2700          1                                                                                                                                                              
16-02-2005 12-00-00        2500          1                                                                                                                                                              
10-04-2007 12-00-00        2100          1                                                                                                                                                              
30-03-2006 12-00-00        8000          1                                                                                                                                                              
21-04-2008 12-00-00       12300          2                                                                                                                                                              
14-06-2005 12-00-00        3800          1                                                                                                                                                              
01-07-2006 12-00-00        3200          1                                                                                                                                                              
23-05-2006 12-00-00        3000          1                                                                                                                                                              
07-02-2007 12-00-00        7200          2                                                                                                                                                              
17-08-2002 12-00-00       12008          1                                                                                                                                                              
07-12-2002 12-00-00       11000          1                                                                                                                                                              
15-11-2006 12-00-00        2600          1                                                                                                                                                              
10-04-2005 12-00-00        8200          1                                                                                                                                                              
20-08-2005 12-00-00       12300          2                                                                                                                                                              
12-12-2007 12-00-00        2400          1                                                                                                                                                              
05-01-2005 12-00-00       13500          1                                                                                                                                                              
23-02-2008 12-00-00        6800          1                                                                                                                                                              
11-03-2005 12-00-00       11500          1                                                                                                                                                              
24-03-2007 12-00-00        7300          1                                                                                                                                                              
04-02-2004 12-00-00        4000          1                                                                                                                                                              
13-01-2001 12-00-00       17000          1                                                                                                                                                              
25-06-2005 12-00-00        4800          1                                                                                                                                                              
16-08-2002 12-00-00        9000          1                                                                                                                                                              
07-03-2006 12-00-00        7800          1                                                                                                                                                              
07-12-2007 12-00-00        6900          1                                                                                                                                                              
24-12-2005 12-00-00        2900          1                                                                                                                                                              
18-07-2004 12-00-00        8000          1                                                                                                                                                              
10-10-2005 12-00-00        6500          1                                                                                                                                                              
14-01-2007 12-00-00        2400          1                                                                                                                                                              
14-07-2003 12-00-00        3600          1                                                                                                                                                              
12-02-2006 12-00-00        2700          1                                                                                                                                                              
09-12-2006 12-00-00        7500          1                                                                                                                                                              
24-03-2008 12-00-00        6400          1                                                                                                                                                              
23-02-2007 12-00-00        7400          1                                                                                                                                                              

98 rows selected.

SQL> spool on;
